../Drivers/STM32WBxx_HAL_Driver/Inc/stm32wbxx_ll_system.h:2223:26:LL_FLASH_GetUDN	4	static
../Drivers/STM32WBxx_HAL_Driver/Inc/stm32wbxx_ll_system.h:2235:26:LL_FLASH_GetDeviceID	4	static
../Drivers/STM32WBxx_HAL_Driver/Inc/stm32wbxx_ll_system.h:2247:26:LL_FLASH_GetSTCompanyID	4	static
../STM32_WPAN/App/app_ble.c:269:6:APP_BLE_Init	80	static
../STM32_WPAN/App/app_ble.c:420:28:SVCCTL_App_Notification	128	static
../STM32_WPAN/App/app_ble.c:706:22:APP_BLE_Get_Server_Connection_Status	4	static
../STM32_WPAN/App/app_ble.c:720:13:Ble_Tl_Init	16	static
../STM32_WPAN/App/app_ble.c:731:13:Ble_Hci_Gap_Gatt_Init	80	static
../STM32_WPAN/App/app_ble.c:1035:13:Adv_Request	56	static
../STM32_WPAN/App/app_ble.c:1075:16:BleGetBdAddress	32	static
../STM32_WPAN/App/app_ble.c:1132:13:Adv_Cancel	16	static
../STM32_WPAN/App/app_ble.c:1164:6:BLE_SVC_L2CAP_Conn_Update	48	static
../STM32_WPAN/App/app_ble.c:1202:13:Connection_Interval_Update_Req	8	static
../STM32_WPAN/App/app_ble.c:1214:6:APP_BLE_Key_Button1_Action	8	static
../STM32_WPAN/App/app_ble.c:1219:6:APP_BLE_Key_Button2_Action	4	static
../STM32_WPAN/App/app_ble.c:1228:6:APP_BLE_Key_Button3_Action	16	static
../STM32_WPAN/App/app_ble.c:1249:6:APP_BLE_set_oob	56	static
../STM32_WPAN/App/app_ble.c:1279:13:send_oob_data	16	static
../STM32_WPAN/App/app_ble.c:1291:6:hci_notify_asynch_evt	16	static
../STM32_WPAN/App/app_ble.c:1298:6:hci_cmd_resp_release	16	static
../STM32_WPAN/App/app_ble.c:1305:6:hci_cmd_resp_wait	16	static
../STM32_WPAN/App/app_ble.c:1312:13:BLE_UserEvtRx	24	static
../STM32_WPAN/App/app_ble.c:1332:13:BLE_StatusNot	24	static
../STM32_WPAN/App/app_ble.c:1371:6:SVCCTL_ResumeUserEventFlow	8	static
../STM32_WPAN/App/app_ble.c:1379:13:uart_rx_callback	8	static
../STM32_WPAN/App/app_ble.c:1384:13:ble_oob_process	8	static
../STM32_WPAN/App/app_ble.c:1389:13:ble_oob_data_log	280	static
