Archive member included to satisfy reference by file (symbol)

/Applications/STM32CubeIDE.app/Contents/Eclipse/plugins/com.st.stm32cube.ide.mcu.externaltools.gnu-tools-for-stm32.12.3.rel1.macos64_1.1.0.202410301201/tools/bin/../lib/gcc/arm-none-eabi/12.3.1/../../../../arm-none-eabi/lib/thumb/v7e-m+fp/hard/libc_nano.a(libc_a-exit.o)
                              /Applications/STM32CubeIDE.app/Contents/Eclipse/plugins/com.st.stm32cube.ide.mcu.externaltools.gnu-tools-for-stm32.12.3.rel1.macos64_1.1.0.202410301201/tools/bin/../lib/gcc/arm-none-eabi/12.3.1/../../../../arm-none-eabi/lib/thumb/v7e-m+fp/hard/crt0.o (exit)
/Applications/STM32CubeIDE.app/Contents/Eclipse/plugins/com.st.stm32cube.ide.mcu.externaltools.gnu-tools-for-stm32.12.3.rel1.macos64_1.1.0.202410301201/tools/bin/../lib/gcc/arm-none-eabi/12.3.1/../../../../arm-none-eabi/lib/thumb/v7e-m+fp/hard/libc_nano.a(libc_a-sprintf.o)
                              ./STM32_WPAN/App/app_ble.o (sprintf)
/Applications/STM32CubeIDE.app/Contents/Eclipse/plugins/com.st.stm32cube.ide.mcu.externaltools.gnu-tools-for-stm32.12.3.rel1.macos64_1.1.0.202410301201/tools/bin/../lib/gcc/arm-none-eabi/12.3.1/../../../../arm-none-eabi/lib/thumb/v7e-m+fp/hard/libc_nano.a(libc_a-findfp.o)
                              /Applications/STM32CubeIDE.app/Contents/Eclipse/plugins/com.st.stm32cube.ide.mcu.externaltools.gnu-tools-for-stm32.12.3.rel1.macos64_1.1.0.202410301201/tools/bin/../lib/gcc/arm-none-eabi/12.3.1/../../../../arm-none-eabi/lib/thumb/v7e-m+fp/hard/libc_nano.a(libc_a-exit.o) (__stdio_exit_handler)
/Applications/STM32CubeIDE.app/Contents/Eclipse/plugins/com.st.stm32cube.ide.mcu.externaltools.gnu-tools-for-stm32.12.3.rel1.macos64_1.1.0.202410301201/tools/bin/../lib/gcc/arm-none-eabi/12.3.1/../../../../arm-none-eabi/lib/thumb/v7e-m+fp/hard/libc_nano.a(libc_a-vprintf.o)
                              ./Middlewares/ST/STM32_WPAN/utilities/dbg_trace.o (vprintf)
/Applications/STM32CubeIDE.app/Contents/Eclipse/plugins/com.st.stm32cube.ide.mcu.externaltools.gnu-tools-for-stm32.12.3.rel1.macos64_1.1.0.202410301201/tools/bin/../lib/gcc/arm-none-eabi/12.3.1/../../../../arm-none-eabi/lib/thumb/v7e-m+fp/hard/libc_nano.a(libc_a-fwalk.o)
                              /Applications/STM32CubeIDE.app/Contents/Eclipse/plugins/com.st.stm32cube.ide.mcu.externaltools.gnu-tools-for-stm32.12.3.rel1.macos64_1.1.0.202410301201/tools/bin/../lib/gcc/arm-none-eabi/12.3.1/../../../../arm-none-eabi/lib/thumb/v7e-m+fp/hard/libc_nano.a(libc_a-findfp.o) (_fwalk_sglue)
/Applications/STM32CubeIDE.app/Contents/Eclipse/plugins/com.st.stm32cube.ide.mcu.externaltools.gnu-tools-for-stm32.12.3.rel1.macos64_1.1.0.202410301201/tools/bin/../lib/gcc/arm-none-eabi/12.3.1/../../../../arm-none-eabi/lib/thumb/v7e-m+fp/hard/libc_nano.a(libc_a-printf.o)
                              ./Core/Src/app_entry.o (printf)
/Applications/STM32CubeIDE.app/Contents/Eclipse/plugins/com.st.stm32cube.ide.mcu.externaltools.gnu-tools-for-stm32.12.3.rel1.macos64_1.1.0.202410301201/tools/bin/../lib/gcc/arm-none-eabi/12.3.1/../../../../arm-none-eabi/lib/thumb/v7e-m+fp/hard/libc_nano.a(libc_a-putchar.o)
                              ./STM32_WPAN/App/app_ble.o (putchar)
/Applications/STM32CubeIDE.app/Contents/Eclipse/plugins/com.st.stm32cube.ide.mcu.externaltools.gnu-tools-for-stm32.12.3.rel1.macos64_1.1.0.202410301201/tools/bin/../lib/gcc/arm-none-eabi/12.3.1/../../../../arm-none-eabi/lib/thumb/v7e-m+fp/hard/libc_nano.a(libc_a-puts.o)
                              ./Core/Src/app_entry.o (puts)
/Applications/STM32CubeIDE.app/Contents/Eclipse/plugins/com.st.stm32cube.ide.mcu.externaltools.gnu-tools-for-stm32.12.3.rel1.macos64_1.1.0.202410301201/tools/bin/../lib/gcc/arm-none-eabi/12.3.1/../../../../arm-none-eabi/lib/thumb/v7e-m+fp/hard/libc_nano.a(libc_a-strrchr.o)
                              ./Middlewares/ST/STM32_WPAN/utilities/dbg_trace.o (strrchr)
/Applications/STM32CubeIDE.app/Contents/Eclipse/plugins/com.st.stm32cube.ide.mcu.externaltools.gnu-tools-for-stm32.12.3.rel1.macos64_1.1.0.202410301201/tools/bin/../lib/gcc/arm-none-eabi/12.3.1/../../../../arm-none-eabi/lib/thumb/v7e-m+fp/hard/libc_nano.a(libc_a-memcmp.o)
                              ./Middlewares/ST/STM32_WPAN/ble/core/template/osal.o (memcmp)
/Applications/STM32CubeIDE.app/Contents/Eclipse/plugins/com.st.stm32cube.ide.mcu.externaltools.gnu-tools-for-stm32.12.3.rel1.macos64_1.1.0.202410301201/tools/bin/../lib/gcc/arm-none-eabi/12.3.1/../../../../arm-none-eabi/lib/thumb/v7e-m+fp/hard/libc_nano.a(libc_a-memset.o)
                              /Applications/STM32CubeIDE.app/Contents/Eclipse/plugins/com.st.stm32cube.ide.mcu.externaltools.gnu-tools-for-stm32.12.3.rel1.macos64_1.1.0.202410301201/tools/bin/../lib/gcc/arm-none-eabi/12.3.1/../../../../arm-none-eabi/lib/thumb/v7e-m+fp/hard/crt0.o (memset)
[...]
Memory Configuration

Name             Origin             Length             Attributes
FLASH            0x08000000         0x00080000         xr
RAM              0x20000008         0x0002fff8         xrw
RAM_SHARED       0x20030000         0x00002800         xrw
*default*        0x00000000         0xffffffff

Linker script and memory map

LOAD /Applications/STM32CubeIDE.app/Contents/Eclipse/plugins/com.st.stm32cube.ide.mcu.externaltools.gnu-tools-for-stm32.12.3.rel1.macos64_1.1.0.202410301201/tools/bin/../lib/gcc/arm-none-eabi/12.3.1/thumb/v7e-m+fp/hard/crti.o
LOAD /Applications/STM32CubeIDE.app/Contents/Eclipse/plugins/com.st.stm32cube.ide.mcu.externaltools.gnu-tools-for-stm32.12.3.rel1.macos64_1.1.0.202410301201/tools/bin/../lib/gcc/arm-none-eabi/12.3.1/thumb/v7e-m+fp/hard/crtbegin.o
LOAD /Applications/STM32CubeIDE.app/Contents/Eclipse/plugins/com.st.stm32cube.ide.mcu.externaltools.gnu-tools-for-stm32.12.3.rel1.macos64_1.1.0.202410301201/tools/bin/../lib/gcc/arm-none-eabi/12.3.1/../../../../arm-none-eabi/lib/thumb/v7e-m+fp/hard/crt0.o
LOAD ./Core/Src/app_debug.o
LOAD ./Core/Src/app_entry.o
LOAD ./Core/Src/hw_timerserver.o
LOAD ./Core/Src/hw_uart.o
LOAD ./Core/Src/main.o
LOAD ./Core/Src/stm32_lpm_if.o
LOAD ./Core/Src/stm32wbxx_hal_msp.o
LOAD ./Core/Src/stm32wbxx_it.o
LOAD ./Core/Src/syscalls.o
LOAD ./Core/Src/sysmem.o
LOAD ./Core/Src/system_stm32wbxx.o
LOAD ./Core/Startup/startup_stm32wb55rgvx.o
LOAD ./Drivers/STM32WBxx_HAL_Driver/Src/stm32wbxx_hal.o
LOAD ./Drivers/STM32WBxx_HAL_Driver/Src/stm32wbxx_hal_cortex.o
LOAD ./Drivers/STM32WBxx_HAL_Driver/Src/stm32wbxx_hal_dma.o
LOAD ./Drivers/STM32WBxx_HAL_Driver/Src/stm32wbxx_hal_dma_ex.o
LOAD ./Drivers/STM32WBxx_HAL_Driver/Src/stm32wbxx_hal_exti.o
LOAD ./Drivers/STM32WBxx_HAL_Driver/Src/stm32wbxx_hal_flash.o
LOAD ./Drivers/STM32WBxx_HAL_Driver/Src/stm32wbxx_hal_flash_ex.o
LOAD ./Drivers/STM32WBxx_HAL_Driver/Src/stm32wbxx_hal_gpio.o
LOAD ./Drivers/STM32WBxx_HAL_Driver/Src/stm32wbxx_hal_hsem.o
LOAD ./Drivers/STM32WBxx_HAL_Driver/Src/stm32wbxx_hal_ipcc.o
LOAD ./Drivers/STM32WBxx_HAL_Driver/Src/stm32wbxx_hal_pwr.o
LOAD ./Drivers/STM32WBxx_HAL_Driver/Src/stm32wbxx_hal_pwr_ex.o
LOAD ./Drivers/STM32WBxx_HAL_Driver/Src/stm32wbxx_hal_rcc.o
LOAD ./Drivers/STM32WBxx_HAL_Driver/Src/stm32wbxx_hal_rcc_ex.o
LOAD ./Drivers/STM32WBxx_HAL_Driver/Src/stm32wbxx_hal_rtc.o
LOAD ./Drivers/STM32WBxx_HAL_Driver/Src/stm32wbxx_hal_rtc_ex.o
LOAD ./Drivers/STM32WBxx_HAL_Driver/Src/stm32wbxx_hal_tim.o
LOAD ./Drivers/STM32WBxx_HAL_Driver/Src/stm32wbxx_hal_tim_ex.o
LOAD ./Drivers/STM32WBxx_HAL_Driver/Src/stm32wbxx_hal_uart.o
LOAD ./Drivers/STM32WBxx_HAL_Driver/Src/stm32wbxx_hal_uart_ex.o
LOAD ./Drivers/STM32WBxx_HAL_Driver/Src/stm32wbxx_ll_rcc.o
LOAD ./Middlewares/ST/STM32_WPAN/ble/core/auto/ble_gap_aci.o
LOAD ./Middlewares/ST/STM32_WPAN/ble/core/auto/ble_gatt_aci.o
LOAD ./Middlewares/ST/STM32_WPAN/ble/core/auto/ble_hal_aci.o
LOAD ./Middlewares/ST/STM32_WPAN/ble/core/auto/ble_hci_le.o
LOAD ./Middlewares/ST/STM32_WPAN/ble/core/auto/ble_l2cap_aci.o
LOAD ./Middlewares/ST/STM32_WPAN/ble/core/template/osal.o
LOAD ./Middlewares/ST/STM32_WPAN/ble/svc/Src/svc_ctl.o
LOAD ./Middlewares/ST/STM32_WPAN/interface/patterns/ble_thread/shci/shci.o
LOAD ./Middlewares/ST/STM32_WPAN/interface/patterns/ble_thread/tl/hci_tl.o
LOAD ./Middlewares/ST/STM32_WPAN/interface/patterns/ble_thread/tl/hci_tl_if.o
LOAD ./Middlewares/ST/STM32_WPAN/interface/patterns/ble_thread/tl/shci_tl.o
LOAD ./Middlewares/ST/STM32_WPAN/interface/patterns/ble_thread/tl/shci_tl_if.o
LOAD ./Middlewares/ST/STM32_WPAN/interface/patterns/ble_thread/tl/tl_mbox.o
LOAD ./Middlewares/ST/STM32_WPAN/utilities/dbg_trace.o
LOAD ./Middlewares/ST/STM32_WPAN/utilities/otp.o
LOAD ./Middlewares/ST/STM32_WPAN/utilities/stm_list.o
LOAD ./Middlewares/ST/STM32_WPAN/utilities/stm_queue.o
LOAD ./STM32_WPAN/App/app_ble.o
LOAD ./STM32_WPAN/App/p2p_client_app.o
LOAD ./STM32_WPAN/Target/hw_ipcc.o
LOAD ./Utilities/lpm/tiny_lpm/stm32_lpm.o
LOAD ./Utilities/sequencer/stm32_seq.o
START GROUP
LOAD /Applications/STM32CubeIDE.app/Contents/Eclipse/plugins/com.st.stm32cube.ide.mcu.externaltools.gnu-tools-for-stm32.12.3.rel1.macos64_1.1.0.202410301201/tools/bin/../lib/gcc/arm-none-eabi/12.3.1/../../../../arm-none-eabi/lib/thumb/v7e-m+fp/hard/libc_nano.a
LOAD /Applications/STM32CubeIDE.app/Contents/Eclipse/plugins/com.st.stm32cube.ide.mcu.externaltools.gnu-tools-for-stm32.12.3.rel1.macos64_1.1.0.202410301201/tools/bin/../lib/gcc/arm-none-eabi/12.3.1/../../../../arm-none-eabi/lib/thumb/v7e-m+fp/hard/libm.a
END GROUP
START GROUP
LOAD /Applications/STM32CubeIDE.app/Contents/Eclipse/plugins/com.st.stm32cube.ide.mcu.externaltools.gnu-tools-for-stm32.12.3.rel1.macos64_1.1.0.202410301201/tools/bin/../lib/gcc/arm-none-eabi/12.3.1/thumb/v7e-m+fp/hard/libgcc.a
LOAD /Applications/STM32CubeIDE.app/Contents/Eclipse/plugins/com.st.stm32cube.ide.mcu.externaltools.gnu-tools-for-stm32.12.3.rel1.macos64_1.1.0.202410301201/tools/bin/../lib/gcc/arm-none-eabi/12.3.1/../../../../arm-none-eabi/lib/thumb/v7e-m+fp/hard/libc_nano.a
END GROUP
START GROUP
LOAD /Applications/STM32CubeIDE.app/Contents/Eclipse/plugins/com.st.stm32cube.ide.mcu.externaltools.gnu-tools-for-stm32.12.3.rel1.macos64_1.1.0.202410301201/tools/bin/../lib/gcc/arm-none-eabi/12.3.1/thumb/v7e-m+fp/hard/libgcc.a
LOAD /Applications/STM32CubeIDE.app/Contents/Eclipse/plugins/com.st.stm32cube.ide.mcu.externaltools.gnu-tools-for-stm32.12.3.rel1.macos64_1.1.0.202410301201/tools/bin/../lib/gcc/arm-none-eabi/12.3.1/../../../../arm-none-eabi/lib/thumb/v7e-m+fp/hard/libc_nano.a
LOAD /Applications/STM32CubeIDE.app/Contents/Eclipse/plugins/com.st.stm32cube.ide.mcu.externaltools.gnu-tools-for-stm32.12.3.rel1.macos64_1.1.0.202410301201/tools/bin/../lib/gcc/arm-none-eabi/12.3.1/../../../../arm-none-eabi/lib/thumb/v7e-m+fp/hard/libnosys.a
END GROUP
START GROUP
LOAD /Applications/STM32CubeIDE.app/Contents/Eclipse/plugins/com.st.stm32cube.ide.mcu.externaltools.gnu-tools-for-stm32.12.3.rel1.macos64_1.1.0.202410301201/tools/bin/../lib/gcc/arm-none-eabi/12.3.1/thumb/v7e-m+fp/hard/libgcc.a
LOAD /Applications/STM32CubeIDE.app/Contents/Eclipse/plugins/com.st.stm32cube.ide.mcu.externaltools.gnu-tools-for-stm32.12.3.rel1.macos64_1.1.0.202410301201/tools/bin/../lib/gcc/arm-none-eabi/12.3.1/../../../../arm-none-eabi/lib/thumb/v7e-m+fp/hard/libc_nano.a
LOAD /Applications/STM32CubeIDE.app/Contents/Eclipse/plugins/com.st.stm32cube.ide.mcu.externaltools.gnu-tools-for-stm32.12.3.rel1.macos64_1.1.0.202410301201/tools/bin/../lib/gcc/arm-none-eabi/12.3.1/../../../../arm-none-eabi/lib/thumb/v7e-m+fp/hard/libnosys.a
END GROUP
LOAD /Applications/STM32CubeIDE.app/Contents/Eclipse/plugins/com.st.stm32cube.ide.mcu.externaltools.gnu-tools-for-stm32.12.3.rel1.macos64_1.1.0.202410301201/tools/bin/../lib/gcc/arm-none-eabi/12.3.1/thumb/v7e-m+fp/hard/crtend.o
LOAD /Applications/STM32CubeIDE.app/Contents/Eclipse/plugins/com.st.stm32cube.ide.mcu.externaltools.gnu-tools-for-stm32.12.3.rel1.macos64_1.1.0.202410301201/tools/bin/../lib/gcc/arm-none-eabi/12.3.1/thumb/v7e-m+fp/hard/crtn.o
                0x20030000                        _estack = (ORIGIN (RAM) + LENGTH (RAM))
                0x00000400                        _Min_Heap_Size = 0x400
                0x00001000                        _Min_Stack_Size = 0x1000

.isr_vector     0x08000000      0x13c
                0x08000000                        . = ALIGN (0x4)
 *(.isr_vector)
 .isr_vector    0x08000000      0x13c ./Core/Startup/startup_stm32wb55rgvx.o
                0x08000000                g_pfnVectors
                0x0800013c                        . = ALIGN (0x4)

.text           0x08000140     0xea4c
                0x08000140                        . = ALIGN (0x4)
 *(.text)
 .text          0x08000140       0x40 /Applications/STM32CubeIDE.app/Contents/Eclipse/plugins/com.st.stm32cube.ide.mcu.externaltools.gnu-tools-for-stm32.12.3.rel1.macos64_1.1.0.202410301201/tools/bin/../lib/gcc/arm-none-eabi/12.3.1/thumb/v7e-m+fp/hard/crtbegin.o
 .text          0x08000180       0x10 /Applications/STM32CubeIDE.app/Contents/Eclipse/plugins/com.st.stm32cube.ide.mcu.externaltools.gnu-tools-for-stm32.12.3.rel1.macos64_1.1.0.202410301201/tools/bin/../lib/gcc/arm-none-eabi/12.3.1/../../../../arm-none-eabi/lib/thumb/v7e-m+fp/hard/libc_nano.a(libc_a-strlen.o)
                0x08000180                strlen
 .text          0x08000190       0xa0 /Applications/STM32CubeIDE.app/Contents/Eclipse/plugins/com.st.stm32cube.ide.mcu.externaltools.gnu-tools-for-stm32.12.3.rel1.macos64_1.1.0.202410301201/tools/bin/../lib/gcc/arm-none-eabi/12.3.1/../../../../arm-none-eabi/lib/thumb/v7e-m+fp/hard/libc_nano.a(libc_a-memchr.o)
                0x08000190                memchr
 .text          0x08000230       0x30 /Applications/STM32CubeIDE.app/Contents/Eclipse/plugins/com.st.stm32cube.ide.mcu.externaltools.gnu-tools-for-stm32.12.3.rel1.macos64_1.1.0.202410301201/tools/bin/../lib/gcc/arm-none-eabi/12.3.1/thumb/v7e-m+fp/hard/libgcc.a(_aeabi_uldivmod.o)
                0x08000230                __aeabi_uldivmod
 .text          0x08000260      0x2bc /Applications/STM32CubeIDE.app/Contents/Eclipse/plugins/com.st.stm32cube.ide.mcu.externaltools.gnu-tools-for-stm32.12.3.rel1.macos64_1.1.0.202410301201/tools/bin/../lib/gcc/arm-none-eabi/12.3.1/thumb/v7e-m+fp/hard/libgcc.a(_udivmoddi4.o)
                0x08000260                __udivmoddi4
 .text          0x0800051c        0x4 /Applications/STM32CubeIDE.app/Contents/Eclipse/plugins/com.st.stm32cube.ide.mcu.externaltools.gnu-tools-for-stm32.12.3.rel1.macos64_1.1.0.202410301201/tools/bin/../lib/gcc/arm-none-eabi/12.3.1/thumb/v7e-m+fp/hard/libgcc.a(_dvmd_tls.o)
                0x0800051c                __aeabi_ldiv0
                0x0800051c                __aeabi_idiv0
 *(.text*)
 .text.LL_EXTI_EnableIT_32_63
                0x08000520       0x28 ./Core/Src/app_debug.o
 .text.LL_AHB2_GRP1_EnableClock
                0x08000548       0x32 ./Core/Src/app_debug.o
 .text.LL_C2_AHB2_GRP1_EnableClock
                0x0800057a       0x38 ./Core/Src/app_debug.o
 .text.APPD_Init
                0x080005b2       0x24 ./Core/Src/app_debug.o
                0x080005b2                APPD_Init
 *fill*         0x080005d6        0x2 
 .text.APPD_EnableCPU2
                0x080005d8       0x38 ./Core/Src/app_debug.o
                0x080005d8                APPD_EnableCPU2
 .text.APPD_SetCPU2GpioConfig
                0x08000610      0x144 ./Core/Src/app_debug.o
 .text.APPD_BleDtbCfg
                0x08000754        0xe ./Core/Src/app_debug.o
 .text.DbgOutputInit
                0x08000762        0xc ./Core/Src/app_debug.o
                0x08000762                DbgOutputInit
 .text.DbgOutputTraces
                0x0800076e       0x22 ./Core/Src/app_debug.o
                0x0800076e                DbgOutputTraces
 .text.LL_C2_PWR_SetPowerMode
                0x08000790       0x2c ./Core/Src/app_entry.o
 .text.LL_EXTI_EnableIT_32_63
                0x080007bc       0x28 ./Core/Src/app_entry.o
 .text.LL_RCC_HSE_SetCapacitorTuning
                0x080007e4       0x3c ./Core/Src/app_entry.o
 .text.LL_RCC_SetClkAfterWakeFromStop
                0x08000820       0x28 ./Core/Src/app_entry.o
 .text.LL_RCC_ForceBackupDomainReset
                0x08000848       0x22 ./Core/Src/app_entry.o
 .text.LL_RCC_ReleaseBackupDomainReset
                0x0800086a       0x22 ./Core/Src/app_entry.o
 .text.LL_RCC_IsActiveFlag_PINRST
                0x0800088c       0x26 ./Core/Src/app_entry.o
 .text.LL_RCC_IsActiveFlag_SFTRST
                0x080008b2       0x26 ./Core/Src/app_entry.o
 .text.LL_AHB3_GRP1_EnableClock
                0x080008d8       0x32 ./Core/Src/app_entry.o
 *fill*         0x0800090a        0x2 
 .text.LL_DBGMCU_GetDeviceID
                0x0800090c       0x1c ./Core/Src/app_entry.o
 .text.LL_DBGMCU_GetRevisionID
                0x08000928       0x1c ./Core/Src/app_entry.o
 .text.LL_C1_IPCC_DisableTransmitChannel
                0x08000944       0x24 ./Core/Src/app_entry.o
 .text.LL_C1_IPCC_DisableReceiveChannel
                0x08000968       0x22 ./Core/Src/app_entry.o
 .text.LL_C2_IPCC_DisableTransmitChannel
                0x0800098a       0x24 ./Core/Src/app_entry.o
 .text.LL_C2_IPCC_DisableReceiveChannel
                0x080009ae       0x22 ./Core/Src/app_entry.o
 .text.LL_C1_IPCC_ClearFlag_CHx
                0x080009d0       0x1c ./Core/Src/app_entry.o
 .text.LL_C2_IPCC_ClearFlag_CHx
                0x080009ec       0x1c ./Core/Src/app_entry.o
 .text.LL_RTC_EnableWriteProtection
                0x08000a08       0x1a ./Core/Src/app_entry.o
 .text.LL_RTC_DisableWriteProtection
                0x08000a22       0x20 ./Core/Src/app_entry.o
 .text.LL_RTC_WAKEUP_SetClock
                0x08000a42       0x26 ./Core/Src/app_entry.o
 .text.MX_APPE_Config
                0x08000a68       0x1c ./Core/Src/app_entry.o
                0x08000a68                MX_APPE_Config
 .text.MX_APPE_Init
                0x08000a84       0x2c ./Core/Src/app_entry.o
                0x08000a84                MX_APPE_Init
 .text.Init_Smps
                0x08000ab0        0xe ./Core/Src/app_entry.o
                0x08000ab0                Init_Smps
 .text.Init_Exti
                0x08000abe        0xe ./Core/Src/app_entry.o
                0x08000abe                Init_Exti
 .text.Reset_Device
                0x08000acc       0x10 ./Core/Src/app_entry.o
 .text.Reset_BackupDomain
                0x08000adc       0x2e ./Core/Src/app_entry.o
 *fill*         0x08000b0a        0x2 
 .text.Reset_IPCC
                0x08000b0c       0x44 ./Core/Src/app_entry.o
 .text.Config_HSE
                0x08000b50       0x28 ./Core/Src/app_entry.o
 .text.System_Init
                0x08000b78       0x14 ./Core/Src/app_entry.o
 .text.Init_Rtc
                0x08000b8c       0x20 ./Core/Src/app_entry.o
 .text.SystemPower_Config
                0x08000bac       0x1a ./Core/Src/app_entry.o
 *fill*         0x08000bc6        0x2 
 .text.appe_Tl_Init
                0x08000bc8       0x6c ./Core/Src/app_entry.o
 .text.APPE_SysStatusNot
                0x08000c34       0x16 ./Core/Src/app_entry.o
 *fill*         0x08000c4a        0x2 
 .text.APPE_SysUserEvtRx
                0x08000c4c      0x118 ./Core/Src/app_entry.o
 .text.APPE_SysEvtError
                0x08000d64       0x4c ./Core/Src/app_entry.o
 .text.APPE_SysEvtReadyProcessing
                0x08000db0       0xc0 ./Core/Src/app_entry.o
 .text.MX_APPE_Process
                0x08000e70       0x10 ./Core/Src/app_entry.o
                0x08000e70                MX_APPE_Process
 .text.UTIL_SEQ_Idle
                0x08000e80        0xe ./Core/Src/app_entry.o
                0x08000e80                UTIL_SEQ_Idle
 .text.UTIL_SEQ_EvtIdle
                0x08000e8e       0x1a ./Core/Src/app_entry.o
                0x08000e8e                UTIL_SEQ_EvtIdle
 .text.shci_notify_asynch_evt
                0x08000ea8       0x1a ./Core/Src/app_entry.o
                0x08000ea8                shci_notify_asynch_evt
 .text.shci_cmd_resp_release
                0x08000ec2       0x16 ./Core/Src/app_entry.o
                0x08000ec2                shci_cmd_resp_release
 .text.shci_cmd_resp_wait
                0x08000ed8       0x16 ./Core/Src/app_entry.o
                0x08000ed8                shci_cmd_resp_wait
 *fill*         0x08000eee        0x2 
 .text.LL_EXTI_EnableIT_0_31
                0x08000ef0       0x28 ./Core/Src/hw_timerserver.o
 .text.LL_EXTI_EnableRisingTrig_0_31
                0x08000f18       0x24 ./Core/Src/hw_timerserver.o
 .text.ReadRtcSsrValue
                0x08000f3c       0x40 ./Core/Src/hw_timerserver.o
 .text.LinkTimerAfter
                0x08000f7c       0x8c ./Core/Src/hw_timerserver.o
 .text.LinkTimerBefore
                0x08001008       0xc0 ./Core/Src/hw_timerserver.o
 .text.linkTimer
                0x080010c8      0x154 ./Core/Src/hw_timerserver.o
 .text.UnlinkTimer
                0x0800121c      0x108 ./Core/Src/hw_timerserver.o
 .text.ReturnTimeElapsed
                0x08001324       0x80 ./Core/Src/hw_timerserver.o
 .text.RestartWakeupCounter
                0x080013a4       0xb0 ./Core/Src/hw_timerserver.o
 .text.RescheduleTimerList
                0x08001454      0x134 ./Core/Src/hw_timerserver.o
 .text.HW_TS_RTC_Wakeup_Handler
                0x08001588      0x190 ./Core/Src/hw_timerserver.o
                0x08001588                HW_TS_RTC_Wakeup_Handler
 .text.HW_TS_Init
                0x08001718      0x1b4 ./Core/Src/hw_timerserver.o
                0x08001718                HW_TS_Init
 .text.HW_TS_Create
                0x080018cc       0xf4 ./Core/Src/hw_timerserver.o
                0x080018cc                HW_TS_Create
 .text.HW_TS_Stop
                0x080019c0      0x108 ./Core/Src/hw_timerserver.o
                0x080019c0                HW_TS_Stop
 .text.HW_TS_Start
                0x08001ac8      0x10c ./Core/Src/hw_timerserver.o
                0x08001ac8                HW_TS_Start
 .text.HW_TS_RTC_Int_AppNot
                0x08001bd4       0x1a ./Core/Src/hw_timerserver.o
                0x08001bd4                HW_TS_RTC_Int_AppNot
 *fill*         0x08001bee        0x2 
 .text.HW_UART_Receive_IT
                0x08001bf0       0x48 ./Core/Src/hw_uart.o
                0x08001bf0                HW_UART_Receive_IT
 .text.HW_UART_Transmit_DMA
                0x08001c38       0x8c ./Core/Src/hw_uart.o
                0x08001c38                HW_UART_Transmit_DMA
 .text.HAL_UART_RxCpltCallback
                0x08001cc4       0x3c ./Core/Src/hw_uart.o
                0x08001cc4                HAL_UART_RxCpltCallback
 .text.HAL_UART_TxCpltCallback
                0x08001d00       0x3c ./Core/Src/hw_uart.o
                0x08001d00                HAL_UART_TxCpltCallback
 .text.LL_RCC_LSE_SetDriveCapability
                0x08001d3c       0x2c ./Core/Src/main.o
 .text.LL_AHB1_GRP1_EnableClock
                0x08001d68       0x32 ./Core/Src/main.o
 .text.LL_AHB2_GRP1_EnableClock
                0x08001d9a       0x32 ./Core/Src/main.o
 .text.HAL_TIM_PeriodElapsedCallback
                0x08001dcc      0x134 ./Core/Src/main.o
                0x08001dcc                HAL_TIM_PeriodElapsedCallback
 .text.main     0x08001f00       0x44 ./Core/Src/main.o
                0x08001f00                main
 .text.SystemClock_Config
                0x08001f44       0xb8 ./Core/Src/main.o
                0x08001f44                SystemClock_Config
 .text.PeriphCommonClock_Config
                0x08001ffc       0x40 ./Core/Src/main.o
                0x08001ffc                PeriphCommonClock_Config
 .text.MX_IPCC_Init
                0x0800203c       0x28 ./Core/Src/main.o
 .text.MX_LPUART1_UART_Init
                0x08002064       0x98 ./Core/Src/main.o
                0x08002064                MX_LPUART1_UART_Init
 .text.MX_USART1_UART_Init
                0x080020fc       0x9c ./Core/Src/main.o
                0x080020fc                MX_USART1_UART_Init
 .text.MX_RF_Init
                0x08002198        0xe ./Core/Src/main.o
 *fill*         0x080021a6        0x2 
 .text.MX_RTC_Init
                0x080021a8       0x78 ./Core/Src/main.o
 .text.MX_TIM2_Init
                0x08002220       0x9c ./Core/Src/main.o
 .text.MX_DMA_Init
                0x080022bc       0x24 ./Core/Src/main.o
 .text.MX_GPIO_Init
                0x080022e0       0x70 ./Core/Src/main.o
 .text.Error_Handler
                0x08002350        0xc ./Core/Src/main.o
                0x08002350                Error_Handler
 .text.LL_RCC_EnableRTC
                0x0800235c       0x22 ./Core/Src/stm32wbxx_hal_msp.o
 .text.LL_AHB2_GRP1_EnableClock
                0x0800237e       0x32 ./Core/Src/stm32wbxx_hal_msp.o
 .text.LL_AHB3_GRP1_EnableClock
                0x080023b0       0x32 ./Core/Src/stm32wbxx_hal_msp.o
 .text.LL_APB1_GRP1_EnableClock
                0x080023e2       0x32 ./Core/Src/stm32wbxx_hal_msp.o
 .text.LL_APB1_GRP2_EnableClock
                0x08002414       0x32 ./Core/Src/stm32wbxx_hal_msp.o
 .text.LL_APB2_GRP1_EnableClock
                0x08002446       0x32 ./Core/Src/stm32wbxx_hal_msp.o
 .text.HAL_MspInit
                0x08002478       0x20 ./Core/Src/stm32wbxx_hal_msp.o
                0x08002478                HAL_MspInit
 .text.HAL_IPCC_MspInit
                0x08002498       0x48 ./Core/Src/stm32wbxx_hal_msp.o
                0x08002498                HAL_IPCC_MspInit
 .text.HAL_UART_MspInit
                0x080024e0      0x160 ./Core/Src/stm32wbxx_hal_msp.o
                0x080024e0                HAL_UART_MspInit
 .text.HAL_RTC_MspInit
                0x08002640       0x70 ./Core/Src/stm32wbxx_hal_msp.o
                0x08002640                HAL_RTC_MspInit
 .text.HAL_TIM_Base_MspInit
                0x080026b0       0x30 ./Core/Src/stm32wbxx_hal_msp.o
                0x080026b0                HAL_TIM_Base_MspInit
 .text.NMI_Handler
                0x080026e0        0x8 ./Core/Src/stm32wbxx_it.o
                0x080026e0                NMI_Handler
 .text.HardFault_Handler
                0x080026e8        0x8 ./Core/Src/stm32wbxx_it.o
                0x080026e8                HardFault_Handler
 .text.MemManage_Handler
                0x080026f0        0x8 ./Core/Src/stm32wbxx_it.o
                0x080026f0                MemManage_Handler
 .text.BusFault_Handler
                0x080026f8        0x8 ./Core/Src/stm32wbxx_it.o
                0x080026f8                BusFault_Handler
 .text.UsageFault_Handler
                0x08002700        0x8 ./Core/Src/stm32wbxx_it.o
                0x08002700                UsageFault_Handler
 .text.SVC_Handler
                0x08002708        0xe ./Core/Src/stm32wbxx_it.o
                0x08002708                SVC_Handler
 .text.DebugMon_Handler
                0x08002716        0xe ./Core/Src/stm32wbxx_it.o
                0x08002716                DebugMon_Handler
 .text.PendSV_Handler
                0x08002724        0xe ./Core/Src/stm32wbxx_it.o
                0x08002724                PendSV_Handler
 .text.SysTick_Handler
                0x08002732        0xc ./Core/Src/stm32wbxx_it.o
                0x08002732                SysTick_Handler
 .text.RTC_WKUP_IRQHandler
                0x0800273e        0xc ./Core/Src/stm32wbxx_it.o
                0x0800273e                RTC_WKUP_IRQHandler
 *fill*         0x0800274a        0x2 
 .text.TIM2_IRQHandler
                0x0800274c       0x14 ./Core/Src/stm32wbxx_it.o
                0x0800274c                TIM2_IRQHandler
 .text.USART1_IRQHandler
                0x08002760       0x14 ./Core/Src/stm32wbxx_it.o
                0x08002760                USART1_IRQHandler
 .text.LPUART1_IRQHandler
                0x08002774       0x14 ./Core/Src/stm32wbxx_it.o
                0x08002774                LPUART1_IRQHandler
 .text.IPCC_C1_RX_IRQHandler
                0x08002788        0xc ./Core/Src/stm32wbxx_it.o
                0x08002788                IPCC_C1_RX_IRQHandler
 .text.IPCC_C1_TX_IRQHandler
                0x08002794        0xc ./Core/Src/stm32wbxx_it.o
                0x08002794                IPCC_C1_TX_IRQHandler
 .text.HSEM_IRQHandler
                0x080027a0        0xc ./Core/Src/stm32wbxx_it.o
                0x080027a0                HSEM_IRQHandler
 .text.DMA2_Channel4_IRQHandler
                0x080027ac       0x14 ./Core/Src/stm32wbxx_it.o
                0x080027ac                DMA2_Channel4_IRQHandler
 .text._read    0x080027c0       0x3a ./Core/Src/syscalls.o
                0x080027c0                _read
 .text._close   0x080027fa       0x18 ./Core/Src/syscalls.o
                0x080027fa                _close
 .text._fstat   0x08002812       0x20 ./Core/Src/syscalls.o
                0x08002812                _fstat
 .text._isatty  0x08002832       0x16 ./Core/Src/syscalls.o
                0x08002832                _isatty
 .text._lseek   0x08002848       0x1a ./Core/Src/syscalls.o
                0x08002848                _lseek
 *fill*         0x08002862        0x2 
 .text._sbrk    0x08002864       0x6c ./Core/Src/sysmem.o
                0x08002864                _sbrk
 .text.SystemInit
                0x080028d0       0xac ./Core/Src/system_stm32wbxx.o
                0x080028d0                SystemInit
 .text.data_initializers
                0x0800297c       0x18 ./Core/Startup/startup_stm32wb55rgvx.o
 .text.Reset_Handler
                0x08002994       0x58 ./Core/Startup/startup_stm32wb55rgvx.o
                0x08002994                Reset_Handler
 .text.Default_Handler
                0x080029ec        0x2 ./Core/Startup/startup_stm32wb55rgvx.o
                0x080029ec                DMA2_Channel3_IRQHandler
                0x080029ec                EXTI2_IRQHandler
                0x080029ec                TIM1_CC_IRQHandler
                0x080029ec                TSC_IRQHandler
                0x080029ec                USB_HP_IRQHandler
                0x080029ec                EXTI3_IRQHandler
                0x080029ec                LPTIM2_IRQHandler
                0x080029ec                I2C3_ER_IRQHandler
                0x080029ec                EXTI0_IRQHandler
                0x080029ec                FPU_IRQHandler
                0x080029ec                TIM1_UP_TIM16_IRQHandler
                0x080029ec                AES1_IRQHandler
                0x080029ec                SPI1_IRQHandler
                0x080029ec                PWR_SOTF_BLEACT_802ACT_RFPHASE_IRQHandler
                0x080029ec                DMA2_Channel2_IRQHandler
                0x080029ec                DMA1_Channel4_IRQHandler
                0x080029ec                ADC1_IRQHandler
                0x080029ec                PKA_IRQHandler
                0x080029ec                DMA1_Channel7_IRQHandler
                0x080029ec                LCD_IRQHandler
                0x080029ec                DMA2_Channel1_IRQHandler
                0x080029ec                QUADSPI_IRQHandler
                0x080029ec                I2C1_EV_IRQHandler
                0x080029ec                DMAMUX1_OVR_IRQHandler
                0x080029ec                DMA1_Channel6_IRQHandler
                0x080029ec                RCC_IRQHandler
                0x080029ec                DMA1_Channel1_IRQHandler
                0x080029ec                Default_Handler
                0x080029ec                DMA2_Channel7_IRQHandler
                0x080029ec                EXTI15_10_IRQHandler
                0x080029ec                C2SEV_PWR_C2H_IRQHandler
                0x080029ec                AES2_IRQHandler
                0x080029ec                I2C3_EV_IRQHandler
                0x080029ec                EXTI9_5_IRQHandler
                0x080029ec                PVD_PVM_IRQHandler
                0x080029ec                SPI2_IRQHandler
                0x080029ec                DMA2_Channel5_IRQHandler
                0x080029ec                CRS_IRQHandler
                0x080029ec                DMA1_Channel5_IRQHandler
                0x080029ec                USB_LP_IRQHandler
                0x080029ec                EXTI4_IRQHandler
                0x080029ec                RNG_IRQHandler
                0x080029ec                TIM1_TRG_COM_TIM17_IRQHandler
                0x080029ec                TAMP_STAMP_LSECSS_IRQHandler
                0x080029ec                DMA1_Channel3_IRQHandler
                0x080029ec                COMP_IRQHandler
                0x080029ec                WWDG_IRQHandler
                0x080029ec                DMA2_Channel6_IRQHandler
                0x080029ec                TIM1_BRK_IRQHandler
                0x080029ec                EXTI1_IRQHandler
                0x080029ec                DMA1_Channel2_IRQHandler
                0x080029ec                FLASH_IRQHandler
                0x080029ec                I2C1_ER_IRQHandler
                0x080029ec                LPTIM1_IRQHandler
                0x080029ec                SAI1_IRQHandler
                0x080029ec                RTC_Alarm_IRQHandler
 *fill*         0x080029ee        0x2 
 .text.LL_DBGMCU_EnableDBGSleepMode
                0x080029f0       0x20 ./Drivers/STM32WBxx_HAL_Driver/Src/stm32wbxx_hal.o
 .text.LL_DBGMCU_EnableDBGStopMode
                0x08002a10       0x20 ./Drivers/STM32WBxx_HAL_Driver/Src/stm32wbxx_hal.o
 .text.HAL_Init
                0x08002a30       0x40 ./Drivers/STM32WBxx_HAL_Driver/Src/stm32wbxx_hal.o
                0x08002a30                HAL_Init
 .text.HAL_InitTick
                0x08002a70       0x74 ./Drivers/STM32WBxx_HAL_Driver/Src/stm32wbxx_hal.o
                0x08002a70                HAL_InitTick
 .text.HAL_IncTick
                0x08002ae4       0x28 ./Drivers/STM32WBxx_HAL_Driver/Src/stm32wbxx_hal.o
                0x08002ae4                HAL_IncTick
 .text.HAL_GetTick
                0x08002b0c       0x18 ./Drivers/STM32WBxx_HAL_Driver/Src/stm32wbxx_hal.o
                0x08002b0c                HAL_GetTick
 .text.HAL_GetTickPrio
                0x08002b24       0x18 ./Drivers/STM32WBxx_HAL_Driver/Src/stm32wbxx_hal.o
                0x08002b24                HAL_GetTickPrio
 .text.HAL_DBGMCU_EnableDBGSleepMode
                0x08002b3c        0xc ./Drivers/STM32WBxx_HAL_Driver/Src/stm32wbxx_hal.o
                0x08002b3c                HAL_DBGMCU_EnableDBGSleepMode
 .text.HAL_DBGMCU_EnableDBGStopMode
                0x08002b48        0xc ./Drivers/STM32WBxx_HAL_Driver/Src/stm32wbxx_hal.o
                0x08002b48                HAL_DBGMCU_EnableDBGStopMode
 .text.__NVIC_SetPriorityGrouping
                0x08002b54       0x48 ./Drivers/STM32WBxx_HAL_Driver/Src/stm32wbxx_hal_cortex.o
 .text.__NVIC_GetPriorityGrouping
                0x08002b9c       0x1c ./Drivers/STM32WBxx_HAL_Driver/Src/stm32wbxx_hal_cortex.o
 .text.__NVIC_EnableIRQ
                0x08002bb8       0x3c ./Drivers/STM32WBxx_HAL_Driver/Src/stm32wbxx_hal_cortex.o
 .text.__NVIC_DisableIRQ
                0x08002bf4       0x48 ./Drivers/STM32WBxx_HAL_Driver/Src/stm32wbxx_hal_cortex.o
 .text.__NVIC_SetPendingIRQ
                0x08002c3c       0x3c ./Drivers/STM32WBxx_HAL_Driver/Src/stm32wbxx_hal_cortex.o
 .text.__NVIC_ClearPendingIRQ
                0x08002c78       0x3c ./Drivers/STM32WBxx_HAL_Driver/Src/stm32wbxx_hal_cortex.o
 .text.__NVIC_SetPriority
                0x08002cb4       0x54 ./Drivers/STM32WBxx_HAL_Driver/Src/stm32wbxx_hal_cortex.o
 .text.NVIC_EncodePriority
                0x08002d08       0x66 ./Drivers/STM32WBxx_HAL_Driver/Src/stm32wbxx_hal_cortex.o
 *fill*         0x08002d6e        0x2 
 .text.SysTick_Config
                0x08002d70       0x44 ./Drivers/STM32WBxx_HAL_Driver/Src/stm32wbxx_hal_cortex.o
 .text.HAL_NVIC_SetPriorityGrouping
                0x08002db4       0x16 ./Drivers/STM32WBxx_HAL_Driver/Src/stm32wbxx_hal_cortex.o
                0x08002db4                HAL_NVIC_SetPriorityGrouping
 .text.HAL_NVIC_SetPriority
                0x08002dca       0x34 ./Drivers/STM32WBxx_HAL_Driver/Src/stm32wbxx_hal_cortex.o
                0x08002dca                HAL_NVIC_SetPriority
 .text.HAL_NVIC_EnableIRQ
                0x08002dfe       0x1c ./Drivers/STM32WBxx_HAL_Driver/Src/stm32wbxx_hal_cortex.o
                0x08002dfe                HAL_NVIC_EnableIRQ
 .text.HAL_NVIC_DisableIRQ
                0x08002e1a       0x1c ./Drivers/STM32WBxx_HAL_Driver/Src/stm32wbxx_hal_cortex.o
                0x08002e1a                HAL_NVIC_DisableIRQ
 .text.HAL_SYSTICK_Config
                0x08002e36       0x18 ./Drivers/STM32WBxx_HAL_Driver/Src/stm32wbxx_hal_cortex.o
                0x08002e36                HAL_SYSTICK_Config
 .text.HAL_NVIC_SetPendingIRQ
                0x08002e4e       0x1c ./Drivers/STM32WBxx_HAL_Driver/Src/stm32wbxx_hal_cortex.o
                0x08002e4e                HAL_NVIC_SetPendingIRQ
 .text.HAL_NVIC_ClearPendingIRQ
                0x08002e6a       0x1c ./Drivers/STM32WBxx_HAL_Driver/Src/stm32wbxx_hal_cortex.o
                0x08002e6a                HAL_NVIC_ClearPendingIRQ
 *fill*         0x08002e86        0x2 
 .text.HAL_DMA_Init
                0x08002e88      0x150 ./Drivers/STM32WBxx_HAL_Driver/Src/stm32wbxx_hal_dma.o
                0x08002e88                HAL_DMA_Init
 .text.HAL_DMA_Start_IT
                0x08002fd8       0xf6 ./Drivers/STM32WBxx_HAL_Driver/Src/stm32wbxx_hal_dma.o
                0x08002fd8                HAL_DMA_Start_IT
 .text.HAL_DMA_Abort
                0x080030ce       0xbe ./Drivers/STM32WBxx_HAL_Driver/Src/stm32wbxx_hal_dma.o
                0x080030ce                HAL_DMA_Abort
 .text.HAL_DMA_Abort_IT
                0x0800318c       0xbe ./Drivers/STM32WBxx_HAL_Driver/Src/stm32wbxx_hal_dma.o
                0x0800318c                HAL_DMA_Abort_IT
 .text.HAL_DMA_IRQHandler
                0x0800324a      0x15e ./Drivers/STM32WBxx_HAL_Driver/Src/stm32wbxx_hal_dma.o
                0x0800324a                HAL_DMA_IRQHandler
 .text.DMA_SetConfig
                0x080033a8       0x7c ./Drivers/STM32WBxx_HAL_Driver/Src/stm32wbxx_hal_dma.o
 .text.DMA_CalcDMAMUXChannelBaseAndMask
                0x08003424       0x7c ./Drivers/STM32WBxx_HAL_Driver/Src/stm32wbxx_hal_dma.o
 .text.DMA_CalcDMAMUXRequestGenBaseAndMask
                0x080034a0       0x4c ./Drivers/STM32WBxx_HAL_Driver/Src/stm32wbxx_hal_dma.o
 .text.HAL_GPIO_Init
                0x080034ec      0x2e0 ./Drivers/STM32WBxx_HAL_Driver/Src/stm32wbxx_hal_gpio.o
                0x080034ec                HAL_GPIO_Init
 .text.HAL_GPIO_ReadPin
                0x080037cc       0x30 ./Drivers/STM32WBxx_HAL_Driver/Src/stm32wbxx_hal_gpio.o
                0x080037cc                HAL_GPIO_ReadPin
 .text.HAL_GPIO_WritePin
                0x080037fc       0x30 ./Drivers/STM32WBxx_HAL_Driver/Src/stm32wbxx_hal_gpio.o
                0x080037fc                HAL_GPIO_WritePin
 .text.HAL_GPIO_TogglePin
                0x0800382c       0x34 ./Drivers/STM32WBxx_HAL_Driver/Src/stm32wbxx_hal_gpio.o
                0x0800382c                HAL_GPIO_TogglePin
 .text.HAL_HSEM_IRQHandler
                0x08003860       0x34 ./Drivers/STM32WBxx_HAL_Driver/Src/stm32wbxx_hal_hsem.o
                0x08003860                HAL_HSEM_IRQHandler
 .text.HAL_HSEM_FreeCallback
                0x08003894       0x14 ./Drivers/STM32WBxx_HAL_Driver/Src/stm32wbxx_hal_hsem.o
                0x08003894                HAL_HSEM_FreeCallback
 .text.HAL_IPCC_Init
                0x080038a8       0x64 ./Drivers/STM32WBxx_HAL_Driver/Src/stm32wbxx_hal_ipcc.o
                0x080038a8                HAL_IPCC_Init
 .text.HAL_IPCC_RxCallback
                0x0800390c       0x1a ./Drivers/STM32WBxx_HAL_Driver/Src/stm32wbxx_hal_ipcc.o
                0x0800390c                HAL_IPCC_RxCallback
 .text.HAL_IPCC_TxCallback
                0x08003926       0x1a ./Drivers/STM32WBxx_HAL_Driver/Src/stm32wbxx_hal_ipcc.o
                0x08003926                HAL_IPCC_TxCallback
 .text.IPCC_SetDefaultCallbacks
                0x08003940       0x4c ./Drivers/STM32WBxx_HAL_Driver/Src/stm32wbxx_hal_ipcc.o
                0x08003940                IPCC_SetDefaultCallbacks
 .text.IPCC_Reset_Register
                0x0800398c       0x28 ./Drivers/STM32WBxx_HAL_Driver/Src/stm32wbxx_hal_ipcc.o
                0x0800398c                IPCC_Reset_Register
 .text.HAL_PWR_EnableBkUpAccess
                0x080039b4       0x20 ./Drivers/STM32WBxx_HAL_Driver/Src/stm32wbxx_hal_pwr.o
                0x080039b4                HAL_PWR_EnableBkUpAccess
 .text.HAL_PWREx_GetVoltageRange
                0x080039d4       0x1c ./Drivers/STM32WBxx_HAL_Driver/Src/stm32wbxx_hal_pwr_ex.o
                0x080039d4                HAL_PWREx_GetVoltageRange
 .text.LL_RCC_HSE_IsEnabledDiv2
                0x080039f0       0x24 ./Drivers/STM32WBxx_HAL_Driver/Src/stm32wbxx_hal_rcc.o
 .text.LL_RCC_HSE_Enable
                0x08003a14       0x1e ./Drivers/STM32WBxx_HAL_Driver/Src/stm32wbxx_hal_rcc.o
 .text.LL_RCC_HSE_Disable
                0x08003a32       0x1e ./Drivers/STM32WBxx_HAL_Driver/Src/stm32wbxx_hal_rcc.o
 .text.LL_RCC_HSE_IsReady
                0x08003a50       0x24 ./Drivers/STM32WBxx_HAL_Driver/Src/stm32wbxx_hal_rcc.o
 .text.LL_RCC_HSI_Enable
                0x08003a74       0x1e ./Drivers/STM32WBxx_HAL_Driver/Src/stm32wbxx_hal_rcc.o
 .text.LL_RCC_HSI_Disable
                0x08003a92       0x1e ./Drivers/STM32WBxx_HAL_Driver/Src/stm32wbxx_hal_rcc.o
 .text.LL_RCC_HSI_IsReady
                0x08003ab0       0x24 ./Drivers/STM32WBxx_HAL_Driver/Src/stm32wbxx_hal_rcc.o
 .text.LL_RCC_HSI_SetCalibTrimming
                0x08003ad4       0x2a ./Drivers/STM32WBxx_HAL_Driver/Src/stm32wbxx_hal_rcc.o
 .text.LL_RCC_HSI48_Enable
                0x08003afe       0x22 ./Drivers/STM32WBxx_HAL_Driver/Src/stm32wbxx_hal_rcc.o
 .text.LL_RCC_HSI48_Disable
                0x08003b20       0x22 ./Drivers/STM32WBxx_HAL_Driver/Src/stm32wbxx_hal_rcc.o
 .text.LL_RCC_HSI48_IsReady
                0x08003b42       0x24 ./Drivers/STM32WBxx_HAL_Driver/Src/stm32wbxx_hal_rcc.o
 .text.LL_RCC_LSE_Enable
                0x08003b66       0x22 ./Drivers/STM32WBxx_HAL_Driver/Src/stm32wbxx_hal_rcc.o
 .text.LL_RCC_LSE_Disable
                0x08003b88       0x22 ./Drivers/STM32WBxx_HAL_Driver/Src/stm32wbxx_hal_rcc.o
 .text.LL_RCC_LSE_EnableBypass
                0x08003baa       0x22 ./Drivers/STM32WBxx_HAL_Driver/Src/stm32wbxx_hal_rcc.o
 .text.LL_RCC_LSE_DisableBypass
                0x08003bcc       0x22 ./Drivers/STM32WBxx_HAL_Driver/Src/stm32wbxx_hal_rcc.o
 .text.LL_RCC_LSE_IsReady
                0x08003bee       0x24 ./Drivers/STM32WBxx_HAL_Driver/Src/stm32wbxx_hal_rcc.o
 .text.LL_RCC_LSI1_Enable
                0x08003c12       0x22 ./Drivers/STM32WBxx_HAL_Driver/Src/stm32wbxx_hal_rcc.o
 .text.LL_RCC_LSI1_Disable
                0x08003c34       0x22 ./Drivers/STM32WBxx_HAL_Driver/Src/stm32wbxx_hal_rcc.o
 .text.LL_RCC_LSI1_IsReady
                0x08003c56       0x24 ./Drivers/STM32WBxx_HAL_Driver/Src/stm32wbxx_hal_rcc.o
 .text.LL_RCC_LSI2_Enable
                0x08003c7a       0x22 ./Drivers/STM32WBxx_HAL_Driver/Src/stm32wbxx_hal_rcc.o
 .text.LL_RCC_LSI2_Disable
                0x08003c9c       0x22 ./Drivers/STM32WBxx_HAL_Driver/Src/stm32wbxx_hal_rcc.o
 .text.LL_RCC_LSI2_IsReady
                0x08003cbe       0x24 ./Drivers/STM32WBxx_HAL_Driver/Src/stm32wbxx_hal_rcc.o
 .text.LL_RCC_LSI2_SetTrimming
                0x08003ce2       0x2e ./Drivers/STM32WBxx_HAL_Driver/Src/stm32wbxx_hal_rcc.o
 .text.LL_RCC_MSI_Enable
                0x08003d10       0x1e ./Drivers/STM32WBxx_HAL_Driver/Src/stm32wbxx_hal_rcc.o
 .text.LL_RCC_MSI_Disable
                0x08003d2e       0x1e ./Drivers/STM32WBxx_HAL_Driver/Src/stm32wbxx_hal_rcc.o
 .text.LL_RCC_MSI_IsReady
                0x08003d4c       0x22 ./Drivers/STM32WBxx_HAL_Driver/Src/stm32wbxx_hal_rcc.o
 .text.LL_RCC_MSI_SetRange
                0x08003d6e       0x28 ./Drivers/STM32WBxx_HAL_Driver/Src/stm32wbxx_hal_rcc.o
 .text.LL_RCC_MSI_GetRange
                0x08003d96       0x2a ./Drivers/STM32WBxx_HAL_Driver/Src/stm32wbxx_hal_rcc.o
 .text.LL_RCC_MSI_SetCalibTrimming
                0x08003dc0       0x2a ./Drivers/STM32WBxx_HAL_Driver/Src/stm32wbxx_hal_rcc.o
 .text.LL_RCC_SetSysClkSource
                0x08003dea       0x28 ./Drivers/STM32WBxx_HAL_Driver/Src/stm32wbxx_hal_rcc.o
 .text.LL_RCC_GetSysClkSource
                0x08003e12       0x18 ./Drivers/STM32WBxx_HAL_Driver/Src/stm32wbxx_hal_rcc.o
 .text.LL_RCC_SetAHBPrescaler
                0x08003e2a       0x28 ./Drivers/STM32WBxx_HAL_Driver/Src/stm32wbxx_hal_rcc.o
 .text.LL_C2_RCC_SetAHBPrescaler
                0x08003e52       0x2c ./Drivers/STM32WBxx_HAL_Driver/Src/stm32wbxx_hal_rcc.o
 .text.LL_RCC_SetAHB4Prescaler
                0x08003e7e       0x2e ./Drivers/STM32WBxx_HAL_Driver/Src/stm32wbxx_hal_rcc.o
 .text.LL_RCC_SetAPB1Prescaler
                0x08003eac       0x28 ./Drivers/STM32WBxx_HAL_Driver/Src/stm32wbxx_hal_rcc.o
 .text.LL_RCC_SetAPB2Prescaler
                0x08003ed4       0x28 ./Drivers/STM32WBxx_HAL_Driver/Src/stm32wbxx_hal_rcc.o
 .text.LL_RCC_GetAHBPrescaler
                0x08003efc       0x18 ./Drivers/STM32WBxx_HAL_Driver/Src/stm32wbxx_hal_rcc.o
 .text.LL_RCC_GetAHB4Prescaler
                0x08003f14       0x1c ./Drivers/STM32WBxx_HAL_Driver/Src/stm32wbxx_hal_rcc.o
 .text.LL_RCC_GetAPB1Prescaler
                0x08003f30       0x18 ./Drivers/STM32WBxx_HAL_Driver/Src/stm32wbxx_hal_rcc.o
 .text.LL_RCC_GetAPB2Prescaler
                0x08003f48       0x18 ./Drivers/STM32WBxx_HAL_Driver/Src/stm32wbxx_hal_rcc.o
 .text.LL_RCC_PLL_Enable
                0x08003f60       0x1e ./Drivers/STM32WBxx_HAL_Driver/Src/stm32wbxx_hal_rcc.o
 .text.LL_RCC_PLL_Disable
                0x08003f7e       0x1e ./Drivers/STM32WBxx_HAL_Driver/Src/stm32wbxx_hal_rcc.o
 .text.LL_RCC_PLL_IsReady
                0x08003f9c       0x24 ./Drivers/STM32WBxx_HAL_Driver/Src/stm32wbxx_hal_rcc.o
 .text.LL_RCC_PLL_GetN
                0x08003fc0       0x1a ./Drivers/STM32WBxx_HAL_Driver/Src/stm32wbxx_hal_rcc.o
 .text.LL_RCC_PLL_GetR
                0x08003fda       0x18 ./Drivers/STM32WBxx_HAL_Driver/Src/stm32wbxx_hal_rcc.o
 .text.LL_RCC_PLL_GetDivider
                0x08003ff2       0x18 ./Drivers/STM32WBxx_HAL_Driver/Src/stm32wbxx_hal_rcc.o
 .text.LL_RCC_PLL_GetMainSource
                0x0800400a       0x18 ./Drivers/STM32WBxx_HAL_Driver/Src/stm32wbxx_hal_rcc.o
 .text.LL_RCC_IsActiveFlag_HPRE
                0x08004022       0x24 ./Drivers/STM32WBxx_HAL_Driver/Src/stm32wbxx_hal_rcc.o
 .text.LL_RCC_IsActiveFlag_C2HPRE
                0x08004046       0x26 ./Drivers/STM32WBxx_HAL_Driver/Src/stm32wbxx_hal_rcc.o
 .text.LL_RCC_IsActiveFlag_SHDHPRE
                0x0800406c       0x26 ./Drivers/STM32WBxx_HAL_Driver/Src/stm32wbxx_hal_rcc.o
 .text.LL_RCC_IsActiveFlag_PPRE1
                0x08004092       0x24 ./Drivers/STM32WBxx_HAL_Driver/Src/stm32wbxx_hal_rcc.o
 .text.LL_RCC_IsActiveFlag_PPRE2
                0x080040b6       0x24 ./Drivers/STM32WBxx_HAL_Driver/Src/stm32wbxx_hal_rcc.o
 *fill*         0x080040da        0x2 
 .text.HAL_RCC_OscConfig
                0x080040dc      0x6e8 ./Drivers/STM32WBxx_HAL_Driver/Src/stm32wbxx_hal_rcc.o
                0x080040dc                HAL_RCC_OscConfig
 .text.HAL_RCC_ClockConfig
                0x080047c4      0x280 ./Drivers/STM32WBxx_HAL_Driver/Src/stm32wbxx_hal_rcc.o
                0x080047c4                HAL_RCC_ClockConfig
 .text.HAL_RCC_GetSysClockFreq
                0x08004a44       0xd8 ./Drivers/STM32WBxx_HAL_Driver/Src/stm32wbxx_hal_rcc.o
                0x08004a44                HAL_RCC_GetSysClockFreq
 .text.HAL_RCC_GetHCLKFreq
                0x08004b1c       0x28 ./Drivers/STM32WBxx_HAL_Driver/Src/stm32wbxx_hal_rcc.o
                0x08004b1c                HAL_RCC_GetHCLKFreq
 .text.HAL_RCC_GetPCLK1Freq
                0x08004b44       0x2c ./Drivers/STM32WBxx_HAL_Driver/Src/stm32wbxx_hal_rcc.o
                0x08004b44                HAL_RCC_GetPCLK1Freq
 .text.HAL_RCC_GetPCLK2Freq
                0x08004b70       0x2c ./Drivers/STM32WBxx_HAL_Driver/Src/stm32wbxx_hal_rcc.o
                0x08004b70                HAL_RCC_GetPCLK2Freq
 .text.RCC_SetFlashLatencyFromMSIRange
                0x08004b9c       0x70 ./Drivers/STM32WBxx_HAL_Driver/Src/stm32wbxx_hal_rcc.o
 .text.RCC_SetFlashLatency
                0x08004c0c       0xf8 ./Drivers/STM32WBxx_HAL_Driver/Src/stm32wbxx_hal_rcc.o
 .text.LL_RCC_LSE_IsEnabled
                0x08004d04       0x24 ./Drivers/STM32WBxx_HAL_Driver/Src/stm32wbxx_hal_rcc_ex.o
 .text.LL_RCC_LSE_IsReady
                0x08004d28       0x24 ./Drivers/STM32WBxx_HAL_Driver/Src/stm32wbxx_hal_rcc_ex.o
 .text.LL_RCC_SetRFWKPClockSource
                0x08004d4c       0x2c ./Drivers/STM32WBxx_HAL_Driver/Src/stm32wbxx_hal_rcc_ex.o
 .text.LL_RCC_SetSMPSClockSource
                0x08004d78       0x28 ./Drivers/STM32WBxx_HAL_Driver/Src/stm32wbxx_hal_rcc_ex.o
 .text.LL_RCC_SetSMPSPrescaler
                0x08004da0       0x28 ./Drivers/STM32WBxx_HAL_Driver/Src/stm32wbxx_hal_rcc_ex.o
 .text.LL_RCC_SetUSARTClockSource
                0x08004dc8       0x2c ./Drivers/STM32WBxx_HAL_Driver/Src/stm32wbxx_hal_rcc_ex.o
 .text.LL_RCC_SetLPUARTClockSource
                0x08004df4       0x2c ./Drivers/STM32WBxx_HAL_Driver/Src/stm32wbxx_hal_rcc_ex.o
 .text.LL_RCC_SetI2CClockSource
                0x08004e20       0x3a ./Drivers/STM32WBxx_HAL_Driver/Src/stm32wbxx_hal_rcc_ex.o
 .text.LL_RCC_SetLPTIMClockSource
                0x08004e5a       0x34 ./Drivers/STM32WBxx_HAL_Driver/Src/stm32wbxx_hal_rcc_ex.o
 .text.LL_RCC_SetSAIClockSource
                0x08004e8e       0x2c ./Drivers/STM32WBxx_HAL_Driver/Src/stm32wbxx_hal_rcc_ex.o
 .text.LL_RCC_SetRNGClockSource
                0x08004eba       0x2c ./Drivers/STM32WBxx_HAL_Driver/Src/stm32wbxx_hal_rcc_ex.o
 .text.LL_RCC_SetCLK48ClockSource
                0x08004ee6       0x2c ./Drivers/STM32WBxx_HAL_Driver/Src/stm32wbxx_hal_rcc_ex.o
 .text.LL_RCC_SetUSBClockSource
                0x08004f12       0x16 ./Drivers/STM32WBxx_HAL_Driver/Src/stm32wbxx_hal_rcc_ex.o
 .text.LL_RCC_SetADCClockSource
                0x08004f28       0x2c ./Drivers/STM32WBxx_HAL_Driver/Src/stm32wbxx_hal_rcc_ex.o
 .text.LL_RCC_SetRTCClockSource
                0x08004f54       0x2c ./Drivers/STM32WBxx_HAL_Driver/Src/stm32wbxx_hal_rcc_ex.o
 .text.LL_RCC_GetRTCClockSource
                0x08004f80       0x1a ./Drivers/STM32WBxx_HAL_Driver/Src/stm32wbxx_hal_rcc_ex.o
 .text.LL_RCC_ForceBackupDomainReset
                0x08004f9a       0x22 ./Drivers/STM32WBxx_HAL_Driver/Src/stm32wbxx_hal_rcc_ex.o
 .text.LL_RCC_ReleaseBackupDomainReset
                0x08004fbc       0x22 ./Drivers/STM32WBxx_HAL_Driver/Src/stm32wbxx_hal_rcc_ex.o
 .text.LL_RCC_PLLSAI1_Enable
                0x08004fde       0x1e ./Drivers/STM32WBxx_HAL_Driver/Src/stm32wbxx_hal_rcc_ex.o
 .text.LL_RCC_PLLSAI1_Disable
                0x08004ffc       0x1e ./Drivers/STM32WBxx_HAL_Driver/Src/stm32wbxx_hal_rcc_ex.o
 .text.LL_RCC_PLLSAI1_IsReady
                0x0800501a       0x24 ./Drivers/STM32WBxx_HAL_Driver/Src/stm32wbxx_hal_rcc_ex.o
 .text.HAL_RCCEx_PeriphCLKConfig
                0x0800503e      0x2ec ./Drivers/STM32WBxx_HAL_Driver/Src/stm32wbxx_hal_rcc_ex.o
                0x0800503e                HAL_RCCEx_PeriphCLKConfig
 .text.RCCEx_PLLSAI1_ConfigNP
                0x0800532a       0xb6 ./Drivers/STM32WBxx_HAL_Driver/Src/stm32wbxx_hal_rcc_ex.o
 .text.RCCEx_PLLSAI1_ConfigNQ
                0x080053e0       0xb6 ./Drivers/STM32WBxx_HAL_Driver/Src/stm32wbxx_hal_rcc_ex.o
 .text.RCCEx_PLLSAI1_ConfigNR
                0x08005496       0xb6 ./Drivers/STM32WBxx_HAL_Driver/Src/stm32wbxx_hal_rcc_ex.o
 .text.HAL_RTC_Init
                0x0800554c      0x160 ./Drivers/STM32WBxx_HAL_Driver/Src/stm32wbxx_hal_rtc.o
                0x0800554c                HAL_RTC_Init
 .text.HAL_RTC_WaitForSynchro
                0x080056ac       0x4c ./Drivers/STM32WBxx_HAL_Driver/Src/stm32wbxx_hal_rtc.o
                0x080056ac                HAL_RTC_WaitForSynchro
 .text.RTC_EnterInitMode
                0x080056f8       0x54 ./Drivers/STM32WBxx_HAL_Driver/Src/stm32wbxx_hal_rtc.o
                0x080056f8                RTC_EnterInitMode
 .text.HAL_RTCEx_SetWakeUpTimer_IT
                0x0800574c      0x178 ./Drivers/STM32WBxx_HAL_Driver/Src/stm32wbxx_hal_rtc_ex.o
                0x0800574c                HAL_RTCEx_SetWakeUpTimer_IT
 .text.HAL_RTCEx_EnableBypassShadow
                0x080058c4       0x6c ./Drivers/STM32WBxx_HAL_Driver/Src/stm32wbxx_hal_rtc_ex.o
                0x080058c4                HAL_RTCEx_EnableBypassShadow
 .text.HAL_TIM_Base_Init
                0x08005930       0xae ./Drivers/STM32WBxx_HAL_Driver/Src/stm32wbxx_hal_tim.o
                0x08005930                HAL_TIM_Base_Init
 *fill*         0x080059de        0x2 
 .text.HAL_TIM_Base_Start_IT
                0x080059e0       0x9c ./Drivers/STM32WBxx_HAL_Driver/Src/stm32wbxx_hal_tim.o
                0x080059e0                HAL_TIM_Base_Start_IT
 .text.HAL_TIM_IRQHandler
                0x08005a7c      0x23e ./Drivers/STM32WBxx_HAL_Driver/Src/stm32wbxx_hal_tim.o
                0x08005a7c                HAL_TIM_IRQHandler
 .text.HAL_TIM_ConfigClockSource
                0x08005cba      0x192 ./Drivers/STM32WBxx_HAL_Driver/Src/stm32wbxx_hal_tim.o
                0x08005cba                HAL_TIM_ConfigClockSource
 .text.HAL_TIM_OC_DelayElapsedCallback
                0x08005e4c       0x14 ./Drivers/STM32WBxx_HAL_Driver/Src/stm32wbxx_hal_tim.o
                0x08005e4c                HAL_TIM_OC_DelayElapsedCallback
 .text.HAL_TIM_IC_CaptureCallback
                0x08005e60       0x14 ./Drivers/STM32WBxx_HAL_Driver/Src/stm32wbxx_hal_tim.o
                0x08005e60                HAL_TIM_IC_CaptureCallback
 .text.HAL_TIM_PWM_PulseFinishedCallback
                0x08005e74       0x14 ./Drivers/STM32WBxx_HAL_Driver/Src/stm32wbxx_hal_tim.o
                0x08005e74                HAL_TIM_PWM_PulseFinishedCallback
 .text.HAL_TIM_TriggerCallback
                0x08005e88       0x14 ./Drivers/STM32WBxx_HAL_Driver/Src/stm32wbxx_hal_tim.o
                0x08005e88                HAL_TIM_TriggerCallback
 .text.TIM_Base_SetConfig
                0x08005e9c       0xc8 ./Drivers/STM32WBxx_HAL_Driver/Src/stm32wbxx_hal_tim.o
                0x08005e9c                TIM_Base_SetConfig
 .text.TIM_TI1_ConfigInputStage
                0x08005f64       0x5e ./Drivers/STM32WBxx_HAL_Driver/Src/stm32wbxx_hal_tim.o
 .text.TIM_TI2_ConfigInputStage
                0x08005fc2       0x60 ./Drivers/STM32WBxx_HAL_Driver/Src/stm32wbxx_hal_tim.o
 .text.TIM_ITRx_SetConfig
                0x08006022       0x3a ./Drivers/STM32WBxx_HAL_Driver/Src/stm32wbxx_hal_tim.o
 .text.TIM_ETR_SetConfig
                0x0800605c       0x40 ./Drivers/STM32WBxx_HAL_Driver/Src/stm32wbxx_hal_tim.o
                0x0800605c                TIM_ETR_SetConfig
 .text.HAL_TIMEx_MasterConfigSynchronization
                0x0800609c       0xc0 ./Drivers/STM32WBxx_HAL_Driver/Src/stm32wbxx_hal_tim_ex.o
                0x0800609c                HAL_TIMEx_MasterConfigSynchronization
 .text.HAL_TIMEx_CommutCallback
                0x0800615c       0x14 ./Drivers/STM32WBxx_HAL_Driver/Src/stm32wbxx_hal_tim_ex.o
                0x0800615c                HAL_TIMEx_CommutCallback
 .text.HAL_TIMEx_BreakCallback
                0x08006170       0x14 ./Drivers/STM32WBxx_HAL_Driver/Src/stm32wbxx_hal_tim_ex.o
                0x08006170                HAL_TIMEx_BreakCallback
 .text.HAL_TIMEx_Break2Callback
                0x08006184       0x14 ./Drivers/STM32WBxx_HAL_Driver/Src/stm32wbxx_hal_tim_ex.o
                0x08006184                HAL_TIMEx_Break2Callback
 .text.LL_RCC_GetUSARTClockSource
                0x08006198       0x20 ./Drivers/STM32WBxx_HAL_Driver/Src/stm32wbxx_hal_uart.o
 .text.LL_RCC_GetLPUARTClockSource
                0x080061b8       0x20 ./Drivers/STM32WBxx_HAL_Driver/Src/stm32wbxx_hal_uart.o
 .text.HAL_UART_Init
                0x080061d8       0xa0 ./Drivers/STM32WBxx_HAL_Driver/Src/stm32wbxx_hal_uart.o
                0x080061d8                HAL_UART_Init
 .text.HAL_UART_Transmit
                0x08006278      0x11c ./Drivers/STM32WBxx_HAL_Driver/Src/stm32wbxx_hal_uart.o
                0x08006278                HAL_UART_Transmit
 .text.HAL_UART_Receive_IT
                0x08006394       0x98 ./Drivers/STM32WBxx_HAL_Driver/Src/stm32wbxx_hal_uart.o
                0x08006394                HAL_UART_Receive_IT
 .text.HAL_UART_Transmit_DMA
                0x0800642c      0x100 ./Drivers/STM32WBxx_HAL_Driver/Src/stm32wbxx_hal_uart.o
                0x0800642c                HAL_UART_Transmit_DMA
 .text.HAL_UART_IRQHandler
                0x0800652c      0x648 ./Drivers/STM32WBxx_HAL_Driver/Src/stm32wbxx_hal_uart.o
                0x0800652c                HAL_UART_IRQHandler
 .text.HAL_UART_TxHalfCpltCallback
                0x08006b74       0x14 ./Drivers/STM32WBxx_HAL_Driver/Src/stm32wbxx_hal_uart.o
                0x08006b74                HAL_UART_TxHalfCpltCallback
 .text.HAL_UART_ErrorCallback
                0x08006b88       0x14 ./Drivers/STM32WBxx_HAL_Driver/Src/stm32wbxx_hal_uart.o
                0x08006b88                HAL_UART_ErrorCallback
 .text.HAL_UARTEx_RxEventCallback
                0x08006b9c       0x18 ./Drivers/STM32WBxx_HAL_Driver/Src/stm32wbxx_hal_uart.o
                0x08006b9c                HAL_UARTEx_RxEventCallback
 .text.UART_SetConfig
                0x08006bb4      0x450 ./Drivers/STM32WBxx_HAL_Driver/Src/stm32wbxx_hal_uart.o
                0x08006bb4                UART_SetConfig
 .text.UART_AdvFeatureConfig
                0x08007004      0x144 ./Drivers/STM32WBxx_HAL_Driver/Src/stm32wbxx_hal_uart.o
                0x08007004                UART_AdvFeatureConfig
 .text.UART_CheckIdleState
                0x08007148      0x154 ./Drivers/STM32WBxx_HAL_Driver/Src/stm32wbxx_hal_uart.o
                0x08007148                UART_CheckIdleState
 .text.UART_WaitOnFlagUntilTimeout
                0x0800729c       0xce ./Drivers/STM32WBxx_HAL_Driver/Src/stm32wbxx_hal_uart.o
                0x0800729c                UART_WaitOnFlagUntilTimeout
 *fill*         0x0800736a        0x2 
 .text.UART_Start_Receive_IT
                0x0800736c      0x244 ./Drivers/STM32WBxx_HAL_Driver/Src/stm32wbxx_hal_uart.o
                0x0800736c                UART_Start_Receive_IT
 .text.UART_EndTxTransfer
                0x080075b0       0x82 ./Drivers/STM32WBxx_HAL_Driver/Src/stm32wbxx_hal_uart.o
 .text.UART_EndRxTransfer
                0x08007632       0xcc ./Drivers/STM32WBxx_HAL_Driver/Src/stm32wbxx_hal_uart.o
 .text.UART_DMATransmitCplt
                0x080076fe       0x9a ./Drivers/STM32WBxx_HAL_Driver/Src/stm32wbxx_hal_uart.o
 .text.UART_DMATxHalfCplt
                0x08007798       0x1c ./Drivers/STM32WBxx_HAL_Driver/Src/stm32wbxx_hal_uart.o
 .text.UART_DMAError
                0x080077b4       0x80 ./Drivers/STM32WBxx_HAL_Driver/Src/stm32wbxx_hal_uart.o
 .text.UART_DMAAbortOnError
                0x08007834       0x2c ./Drivers/STM32WBxx_HAL_Driver/Src/stm32wbxx_hal_uart.o
 .text.UART_EndTransmit_IT
                0x08007860       0x56 ./Drivers/STM32WBxx_HAL_Driver/Src/stm32wbxx_hal_uart.o
 *fill*         0x080078b6        0x2 
 .text.UART_RxISR_8BIT
                0x080078b8      0x1b8 ./Drivers/STM32WBxx_HAL_Driver/Src/stm32wbxx_hal_uart.o
 .text.UART_RxISR_16BIT
                0x08007a70      0x1b8 ./Drivers/STM32WBxx_HAL_Driver/Src/stm32wbxx_hal_uart.o
 .text.UART_RxISR_8BIT_FIFOEN
                0x08007c28      0x360 ./Drivers/STM32WBxx_HAL_Driver/Src/stm32wbxx_hal_uart.o
 .text.UART_RxISR_16BIT_FIFOEN
                0x08007f88      0x368 ./Drivers/STM32WBxx_HAL_Driver/Src/stm32wbxx_hal_uart.o
 .text.HAL_UARTEx_WakeupCallback
                0x080082f0       0x14 ./Drivers/STM32WBxx_HAL_Driver/Src/stm32wbxx_hal_uart_ex.o
                0x080082f0                HAL_UARTEx_WakeupCallback
 .text.HAL_UARTEx_RxFifoFullCallback
                0x08008304       0x14 ./Drivers/STM32WBxx_HAL_Driver/Src/stm32wbxx_hal_uart_ex.o
                0x08008304                HAL_UARTEx_RxFifoFullCallback
 .text.HAL_UARTEx_TxFifoEmptyCallback
                0x08008318       0x14 ./Drivers/STM32WBxx_HAL_Driver/Src/stm32wbxx_hal_uart_ex.o
                0x08008318                HAL_UARTEx_TxFifoEmptyCallback
 .text.HAL_UARTEx_DisableFifoMode
                0x0800832c       0x72 ./Drivers/STM32WBxx_HAL_Driver/Src/stm32wbxx_hal_uart_ex.o
                0x0800832c                HAL_UARTEx_DisableFifoMode
 .text.HAL_UARTEx_SetTxFifoThreshold
                0x0800839e       0x7c ./Drivers/STM32WBxx_HAL_Driver/Src/stm32wbxx_hal_uart_ex.o
                0x0800839e                HAL_UARTEx_SetTxFifoThreshold
 .text.HAL_UARTEx_SetRxFifoThreshold
                0x0800841a       0x7c ./Drivers/STM32WBxx_HAL_Driver/Src/stm32wbxx_hal_uart_ex.o
                0x0800841a                HAL_UARTEx_SetRxFifoThreshold
 *fill*         0x08008496        0x2 
 .text.UARTEx_SetNbDataToProcess
                0x08008498       0x9c ./Drivers/STM32WBxx_HAL_Driver/Src/stm32wbxx_hal_uart_ex.o
 .text.aci_gap_set_io_capability
                0x08008534       0xa8 ./Middlewares/ST/STM32_WPAN/ble/core/auto/ble_gap_aci.o
                0x08008534                aci_gap_set_io_capability
 .text.aci_gap_set_authentication_requirement
                0x080085dc      0x188 ./Middlewares/ST/STM32_WPAN/ble/core/auto/ble_gap_aci.o
                0x080085dc                aci_gap_set_authentication_requirement
 .text.aci_gap_init
                0x08008764      0x15a ./Middlewares/ST/STM32_WPAN/ble/core/auto/ble_gap_aci.o
                0x08008764                aci_gap_init
 .text.aci_gap_configure_whitelist
                0x080088be       0x48 ./Middlewares/ST/STM32_WPAN/ble/core/auto/ble_gap_aci.o
                0x080088be                aci_gap_configure_whitelist
 .text.aci_gap_start_general_discovery_proc
                0x08008906      0x128 ./Middlewares/ST/STM32_WPAN/ble/core/auto/ble_gap_aci.o
                0x08008906                aci_gap_start_general_discovery_proc
 .text.aci_gap_create_connection
                0x08008a2e      0x1b6 ./Middlewares/ST/STM32_WPAN/ble/core/auto/ble_gap_aci.o
                0x08008a2e                aci_gap_create_connection
 .text.aci_gap_terminate_gap_proc
                0x08008be4       0xa8 ./Middlewares/ST/STM32_WPAN/ble/core/auto/ble_gap_aci.o
                0x08008be4                aci_gap_terminate_gap_proc
 .text.aci_gap_send_pairing_req
                0x08008c8c       0xd4 ./Middlewares/ST/STM32_WPAN/ble/core/auto/ble_gap_aci.o
                0x08008c8c                aci_gap_send_pairing_req
 .text.aci_gap_get_oob_data
                0x08008d60      0x130 ./Middlewares/ST/STM32_WPAN/ble/core/auto/ble_gap_aci.o
                0x08008d60                aci_gap_get_oob_data
 .text.aci_gap_set_oob_data
                0x08008e90      0x154 ./Middlewares/ST/STM32_WPAN/ble/core/auto/ble_gap_aci.o
                0x08008e90                aci_gap_set_oob_data
 .text.aci_gatt_init
                0x08008fe4       0x4a ./Middlewares/ST/STM32_WPAN/ble/core/auto/ble_gatt_aci.o
                0x08008fe4                aci_gatt_init
 .text.aci_gatt_update_char_value
                0x0800902e      0x152 ./Middlewares/ST/STM32_WPAN/ble/core/auto/ble_gatt_aci.o
                0x0800902e                aci_gatt_update_char_value
 .text.aci_gatt_disc_all_primary_services
                0x08009180       0xb0 ./Middlewares/ST/STM32_WPAN/ble/core/auto/ble_gatt_aci.o
                0x08009180                aci_gatt_disc_all_primary_services
 .text.aci_gatt_disc_all_char_of_service
                0x08009230      0x102 ./Middlewares/ST/STM32_WPAN/ble/core/auto/ble_gatt_aci.o
                0x08009230                aci_gatt_disc_all_char_of_service
 .text.aci_gatt_disc_all_char_desc
                0x08009332      0x102 ./Middlewares/ST/STM32_WPAN/ble/core/auto/ble_gatt_aci.o
                0x08009332                aci_gatt_disc_all_char_desc
 .text.aci_gatt_write_char_desc
                0x08009434      0x13e ./Middlewares/ST/STM32_WPAN/ble/core/auto/ble_gatt_aci.o
                0x08009434                aci_gatt_write_char_desc
 .text.aci_gatt_write_without_resp
                0x08009572      0x138 ./Middlewares/ST/STM32_WPAN/ble/core/auto/ble_gatt_aci.o
                0x08009572                aci_gatt_write_without_resp
 .text.aci_hal_write_config_data
                0x080096aa      0x10a ./Middlewares/ST/STM32_WPAN/ble/core/auto/ble_hal_aci.o
                0x080096aa                aci_hal_write_config_data
 .text.aci_hal_set_tx_power_level
                0x080097b4       0xce ./Middlewares/ST/STM32_WPAN/ble/core/auto/ble_hal_aci.o
                0x080097b4                aci_hal_set_tx_power_level
 .text.aci_hal_set_radio_activity_mask
                0x08009882       0xa8 ./Middlewares/ST/STM32_WPAN/ble/core/auto/ble_hal_aci.o
                0x08009882                aci_hal_set_radio_activity_mask
 .text.hci_reset
                0x0800992a       0x48 ./Middlewares/ST/STM32_WPAN/ble/core/auto/ble_hci_le.o
                0x0800992a                hci_reset
 .text.hci_le_set_event_mask
                0x08009972       0xaa ./Middlewares/ST/STM32_WPAN/ble/core/auto/ble_hci_le.o
                0x08009972                hci_le_set_event_mask
 .text.hci_le_read_local_p256_public_key
                0x08009a1c       0x4c ./Middlewares/ST/STM32_WPAN/ble/core/auto/ble_hci_le.o
                0x08009a1c                hci_le_read_local_p256_public_key
 .text.aci_l2cap_connection_parameter_update_resp
                0x08009a68      0x188 ./Middlewares/ST/STM32_WPAN/ble/core/auto/ble_l2cap_aci.o
                0x08009a68                aci_l2cap_connection_parameter_update_resp
 .text.Osal_MemCpy
                0x08009bf0       0x20 ./Middlewares/ST/STM32_WPAN/ble/core/template/osal.o
                0x08009bf0                Osal_MemCpy
 .text.Osal_MemSet
                0x08009c10       0x20 ./Middlewares/ST/STM32_WPAN/ble/core/template/osal.o
                0x08009c10                Osal_MemSet
 .text.BAS_Init
                0x08009c30        0xe ./Middlewares/ST/STM32_WPAN/ble/svc/Src/svc_ctl.o
                0x08009c30                BAS_Init
 .text.BLS_Init
                0x08009c3e        0xe ./Middlewares/ST/STM32_WPAN/ble/svc/Src/svc_ctl.o
                0x08009c3e                BLS_Init
 .text.CRS_STM_Init
                0x08009c4c        0xe ./Middlewares/ST/STM32_WPAN/ble/svc/Src/svc_ctl.o
                0x08009c4c                CRS_STM_Init
 .text.DIS_Init
                0x08009c5a        0xe ./Middlewares/ST/STM32_WPAN/ble/svc/Src/svc_ctl.o
                0x08009c5a                DIS_Init
 .text.EDS_STM_Init
                0x08009c68        0xe ./Middlewares/ST/STM32_WPAN/ble/svc/Src/svc_ctl.o
                0x08009c68                EDS_STM_Init
 .text.HIDS_Init
                0x08009c76        0xe ./Middlewares/ST/STM32_WPAN/ble/svc/Src/svc_ctl.o
                0x08009c76                HIDS_Init
 .text.HRS_Init
                0x08009c84        0xe ./Middlewares/ST/STM32_WPAN/ble/svc/Src/svc_ctl.o
                0x08009c84                HRS_Init
 .text.HTS_Init
                0x08009c92        0xe ./Middlewares/ST/STM32_WPAN/ble/svc/Src/svc_ctl.o
                0x08009c92                HTS_Init
 .text.IAS_Init
                0x08009ca0        0xe ./Middlewares/ST/STM32_WPAN/ble/svc/Src/svc_ctl.o
                0x08009ca0                IAS_Init
 .text.LLS_Init
                0x08009cae        0xe ./Middlewares/ST/STM32_WPAN/ble/svc/Src/svc_ctl.o
                0x08009cae                LLS_Init
 .text.TPS_Init
                0x08009cbc        0xe ./Middlewares/ST/STM32_WPAN/ble/svc/Src/svc_ctl.o
                0x08009cbc                TPS_Init
 .text.MOTENV_STM_Init
                0x08009cca        0xe ./Middlewares/ST/STM32_WPAN/ble/svc/Src/svc_ctl.o
                0x08009cca                MOTENV_STM_Init
 .text.P2PS_STM_Init
                0x08009cd8        0xe ./Middlewares/ST/STM32_WPAN/ble/svc/Src/svc_ctl.o
                0x08009cd8                P2PS_STM_Init
 .text.ZDD_STM_Init
                0x08009ce6        0xe ./Middlewares/ST/STM32_WPAN/ble/svc/Src/svc_ctl.o
                0x08009ce6                ZDD_STM_Init
 .text.OTAS_STM_Init
                0x08009cf4        0xe ./Middlewares/ST/STM32_WPAN/ble/svc/Src/svc_ctl.o
                0x08009cf4                OTAS_STM_Init
 .text.MESH_Init
                0x08009d02        0xe ./Middlewares/ST/STM32_WPAN/ble/svc/Src/svc_ctl.o
                0x08009d02                MESH_Init
 .text.BVOPUS_STM_Init
                0x08009d10        0xe ./Middlewares/ST/STM32_WPAN/ble/svc/Src/svc_ctl.o
                0x08009d10                BVOPUS_STM_Init
 .text.SVCCTL_InitCustomSvc
                0x08009d1e        0xe ./Middlewares/ST/STM32_WPAN/ble/svc/Src/svc_ctl.o
                0x08009d1e                SVCCTL_InitCustomSvc
 .text.SVCCTL_Init
                0x08009d2c       0x20 ./Middlewares/ST/STM32_WPAN/ble/svc/Src/svc_ctl.o
                0x08009d2c                SVCCTL_Init
 .text.SVCCTL_SvcInit
                0x08009d4c       0x50 ./Middlewares/ST/STM32_WPAN/ble/svc/Src/svc_ctl.o
                0x08009d4c                SVCCTL_SvcInit
 .text.SVCCTL_RegisterCltHandler
                0x08009d9c       0x34 ./Middlewares/ST/STM32_WPAN/ble/svc/Src/svc_ctl.o
                0x08009d9c                SVCCTL_RegisterCltHandler
 .text.SVCCTL_UserEvtRx
                0x08009dd0       0xe0 ./Middlewares/ST/STM32_WPAN/ble/svc/Src/svc_ctl.o
                0x08009dd0                SVCCTL_UserEvtRx
 .text.SHCI_C2_BLE_Init
                0x08009eb0       0x2e ./Middlewares/ST/STM32_WPAN/interface/patterns/ble_thread/shci/shci.o
                0x08009eb0                SHCI_C2_BLE_Init
 .text.SHCI_C2_DEBUG_Init
                0x08009ede       0x2e ./Middlewares/ST/STM32_WPAN/interface/patterns/ble_thread/shci/shci.o
                0x08009ede                SHCI_C2_DEBUG_Init
 .text.SHCI_C2_Config
                0x08009f0c       0x2a ./Middlewares/ST/STM32_WPAN/interface/patterns/ble_thread/shci/shci.o
                0x08009f0c                SHCI_C2_Config
 *fill*         0x08009f36        0x2 
 .text.SHCI_GetWirelessFwInfo
                0x08009f38      0x15c ./Middlewares/ST/STM32_WPAN/interface/patterns/ble_thread/shci/shci.o
                0x08009f38                SHCI_GetWirelessFwInfo
 .text.hci_init
                0x0800a094       0x38 ./Middlewares/ST/STM32_WPAN/interface/patterns/ble_thread/tl/hci_tl.o
                0x0800a094                hci_init
 .text.hci_user_evt_proc
                0x0800a0cc       0x9c ./Middlewares/ST/STM32_WPAN/interface/patterns/ble_thread/tl/hci_tl.o
                0x0800a0cc                hci_user_evt_proc
 .text.hci_send_req
                0x0800a168       0xfc ./Middlewares/ST/STM32_WPAN/interface/patterns/ble_thread/tl/hci_tl.o
                0x0800a168                hci_send_req
 .text.TlInit   0x0800a264       0x60 ./Middlewares/ST/STM32_WPAN/interface/patterns/ble_thread/tl/hci_tl.o
 .text.SendCmd  0x0800a2c4       0x4c ./Middlewares/ST/STM32_WPAN/interface/patterns/ble_thread/tl/hci_tl.o
 .text.NotifyCmdStatus
                0x0800a310       0x40 ./Middlewares/ST/STM32_WPAN/interface/patterns/ble_thread/tl/hci_tl.o
 .text.TlEvtReceived
                0x0800a350       0x48 ./Middlewares/ST/STM32_WPAN/interface/patterns/ble_thread/tl/hci_tl.o
 .text.hci_register_io_bus
                0x0800a398       0x28 ./Middlewares/ST/STM32_WPAN/interface/patterns/ble_thread/tl/hci_tl_if.o
                0x0800a398                hci_register_io_bus
 .text.shci_init
                0x0800a3c0       0x38 ./Middlewares/ST/STM32_WPAN/interface/patterns/ble_thread/tl/shci_tl.o
                0x0800a3c0                shci_init
 .text.shci_user_evt_proc
                0x0800a3f8       0x9c ./Middlewares/ST/STM32_WPAN/interface/patterns/ble_thread/tl/shci_tl.o
                0x0800a3f8                shci_user_evt_proc
 .text.shci_send
                0x0800a494       0x7c ./Middlewares/ST/STM32_WPAN/interface/patterns/ble_thread/tl/shci_tl.o
                0x0800a494                shci_send
 .text.TlInit   0x0800a510       0x64 ./Middlewares/ST/STM32_WPAN/interface/patterns/ble_thread/tl/shci_tl.o
 .text.Cmd_SetStatus
                0x0800a574       0x50 ./Middlewares/ST/STM32_WPAN/interface/patterns/ble_thread/tl/shci_tl.o
 .text.TlCmdEvtReceived
                0x0800a5c4       0x16 ./Middlewares/ST/STM32_WPAN/interface/patterns/ble_thread/tl/shci_tl.o
 *fill*         0x0800a5da        0x2 
 .text.TlUserEvtReceived
                0x0800a5dc       0x24 ./Middlewares/ST/STM32_WPAN/interface/patterns/ble_thread/tl/shci_tl.o
 .text.shci_register_io_bus
                0x0800a600       0x28 ./Middlewares/ST/STM32_WPAN/interface/patterns/ble_thread/tl/shci_tl_if.o
                0x0800a600                shci_register_io_bus
 .text.TL_Enable
                0x0800a628        0xc ./Middlewares/ST/STM32_WPAN/interface/patterns/ble_thread/tl/tl_mbox.o
                0x0800a628                TL_Enable
 .text.TL_Init  0x0800a634       0x74 ./Middlewares/ST/STM32_WPAN/interface/patterns/ble_thread/tl/tl_mbox.o
                0x0800a634                TL_Init
 .text.TL_BLE_Init
                0x0800a6a8       0x68 ./Middlewares/ST/STM32_WPAN/interface/patterns/ble_thread/tl/tl_mbox.o
                0x0800a6a8                TL_BLE_Init
 .text.TL_BLE_SendCmd
                0x0800a710       0x38 ./Middlewares/ST/STM32_WPAN/interface/patterns/ble_thread/tl/tl_mbox.o
                0x0800a710                TL_BLE_SendCmd
 .text.HW_IPCC_BLE_RxEvtNot
                0x0800a748       0x60 ./Middlewares/ST/STM32_WPAN/interface/patterns/ble_thread/tl/tl_mbox.o
                0x0800a748                HW_IPCC_BLE_RxEvtNot
 .text.HW_IPCC_BLE_AclDataAckNot
                0x0800a7a8       0x14 ./Middlewares/ST/STM32_WPAN/interface/patterns/ble_thread/tl/tl_mbox.o
                0x0800a7a8                HW_IPCC_BLE_AclDataAckNot
 .text.TL_SYS_Init
                0x0800a7bc       0x54 ./Middlewares/ST/STM32_WPAN/interface/patterns/ble_thread/tl/tl_mbox.o
                0x0800a7bc                TL_SYS_Init
 .text.TL_SYS_SendCmd
                0x0800a810       0x38 ./Middlewares/ST/STM32_WPAN/interface/patterns/ble_thread/tl/tl_mbox.o
                0x0800a810                TL_SYS_SendCmd
 .text.HW_IPCC_SYS_CmdEvtNot
                0x0800a848       0x2c ./Middlewares/ST/STM32_WPAN/interface/patterns/ble_thread/tl/tl_mbox.o
                0x0800a848                HW_IPCC_SYS_CmdEvtNot
 .text.HW_IPCC_SYS_EvtNot
                0x0800a874       0x44 ./Middlewares/ST/STM32_WPAN/interface/patterns/ble_thread/tl/tl_mbox.o
                0x0800a874                HW_IPCC_SYS_EvtNot
 .text.TL_MM_Init
                0x0800a8b8       0x78 ./Middlewares/ST/STM32_WPAN/interface/patterns/ble_thread/tl/tl_mbox.o
                0x0800a8b8                TL_MM_Init
 .text.TL_MM_EvtDone
                0x0800a930       0x30 ./Middlewares/ST/STM32_WPAN/interface/patterns/ble_thread/tl/tl_mbox.o
                0x0800a930                TL_MM_EvtDone
 .text.SendFreeBuf
                0x0800a960       0x40 ./Middlewares/ST/STM32_WPAN/interface/patterns/ble_thread/tl/tl_mbox.o
 .text.TL_TRACES_Init
                0x0800a9a0       0x24 ./Middlewares/ST/STM32_WPAN/interface/patterns/ble_thread/tl/tl_mbox.o
                0x0800a9a0                TL_TRACES_Init
 .text.HW_IPCC_TRACES_EvtNot
                0x0800a9c4       0x34 ./Middlewares/ST/STM32_WPAN/interface/patterns/ble_thread/tl/tl_mbox.o
                0x0800a9c4                HW_IPCC_TRACES_EvtNot
 .text.TL_TRACES_EvtReceived
                0x0800a9f8       0x14 ./Middlewares/ST/STM32_WPAN/interface/patterns/ble_thread/tl/tl_mbox.o
                0x0800a9f8                TL_TRACES_EvtReceived
 .text.OutputDbgTrace
                0x0800aa0c       0xac ./Middlewares/ST/STM32_WPAN/interface/patterns/ble_thread/tl/tl_mbox.o
 .text.DbgTrace_TxCpltCallback
                0x0800aab8       0x70 ./Middlewares/ST/STM32_WPAN/utilities/dbg_trace.o
 .text.DbgTraceInit
                0x0800ab28       0x2c ./Middlewares/ST/STM32_WPAN/utilities/dbg_trace.o
                0x0800ab28                DbgTraceInit
 .text._write   0x0800ab54       0x20 ./Middlewares/ST/STM32_WPAN/utilities/dbg_trace.o
                0x0800ab54                _write
 .text.DbgTraceWrite
                0x0800ab74       0xb0 ./Middlewares/ST/STM32_WPAN/utilities/dbg_trace.o
                0x0800ab74                DbgTraceWrite
 .text.OTP_Read
                0x0800ac24       0x50 ./Middlewares/ST/STM32_WPAN/utilities/otp.o
                0x0800ac24                OTP_Read
 .text.LST_init_head
                0x0800ac74       0x20 ./Middlewares/ST/STM32_WPAN/utilities/stm_list.o
                0x0800ac74                LST_init_head
 .text.LST_is_empty
                0x0800ac94       0x44 ./Middlewares/ST/STM32_WPAN/utilities/stm_list.o
                0x0800ac94                LST_is_empty
 .text.LST_insert_head
                0x0800acd8       0x4c ./Middlewares/ST/STM32_WPAN/utilities/stm_list.o
                0x0800acd8                LST_insert_head
 .text.LST_insert_tail
                0x0800ad24       0x4c ./Middlewares/ST/STM32_WPAN/utilities/stm_list.o
                0x0800ad24                LST_insert_tail
 .text.LST_remove_node
                0x0800ad70       0x42 ./Middlewares/ST/STM32_WPAN/utilities/stm_list.o
                0x0800ad70                LST_remove_node
 .text.LST_remove_head
                0x0800adb2       0x3e ./Middlewares/ST/STM32_WPAN/utilities/stm_list.o
                0x0800adb2                LST_remove_head
 .text.CircularQueue_Init
                0x0800adf0       0x64 ./Middlewares/ST/STM32_WPAN/utilities/stm_queue.o
                0x0800adf0                CircularQueue_Init
 .text.CircularQueue_Add
                0x0800ae54      0x44c ./Middlewares/ST/STM32_WPAN/utilities/stm_queue.o
                0x0800ae54                CircularQueue_Add
 .text.CircularQueue_Remove
                0x0800b2a0      0x1de ./Middlewares/ST/STM32_WPAN/utilities/stm_queue.o
                0x0800b2a0                CircularQueue_Remove
 .text.CircularQueue_Sense
                0x0800b47e      0x16a ./Middlewares/ST/STM32_WPAN/utilities/stm_queue.o
                0x0800b47e                CircularQueue_Sense
 .text.LL_FLASH_GetUDN
                0x0800b5e8       0x18 ./STM32_WPAN/App/app_ble.o
 .text.LL_FLASH_GetDeviceID
                0x0800b600       0x18 ./STM32_WPAN/App/app_ble.o
 .text.LL_FLASH_GetSTCompanyID
                0x0800b618       0x18 ./STM32_WPAN/App/app_ble.o
 .text.APP_BLE_Init
                0x0800b630      0x2bc ./STM32_WPAN/App/app_ble.o
                0x0800b630                APP_BLE_Init
 .text.SVCCTL_App_Notification
                0x0800b8ec      0x45c ./STM32_WPAN/App/app_ble.o
                0x0800b8ec                SVCCTL_App_Notification
 .text.APP_BLE_Get_Client_Connection_Status
                0x0800bd48       0x30 ./STM32_WPAN/App/app_ble.o
                0x0800bd48                APP_BLE_Get_Client_Connection_Status
 .text.APP_BLE_Key_Button1_Action
                0x0800bd78       0x38 ./STM32_WPAN/App/app_ble.o
                0x0800bd78                APP_BLE_Key_Button1_Action
 .text.APP_BLE_Key_Button2_Action
                0x0800bdb0       0x26 ./STM32_WPAN/App/app_ble.o
                0x0800bdb0                APP_BLE_Key_Button2_Action
 *fill*         0x0800bdd6        0x2 
 .text.Ble_Tl_Init
                0x0800bdd8       0x2c ./STM32_WPAN/App/app_ble.o
 .text.Ble_Hci_Gap_Gatt_Init
                0x0800be04      0x28c ./STM32_WPAN/App/app_ble.o
 .text.Scan_Request
                0x0800c090       0x68 ./STM32_WPAN/App/app_ble.o
 .text.Connect_Request
                0x0800c0f8       0x8c ./STM32_WPAN/App/app_ble.o
 .text.Switch_OFF_GPIO
                0x0800c184       0x18 ./STM32_WPAN/App/app_ble.o
 .text.BleGetBdAddress
                0x0800c19c       0x88 ./STM32_WPAN/App/app_ble.o
 .text.send_oob_data
                0x0800c224       0x38 ./STM32_WPAN/App/app_ble.o
 .text.hci_notify_asynch_evt
                0x0800c25c       0x18 ./STM32_WPAN/App/app_ble.o
                0x0800c25c                hci_notify_asynch_evt
 .text.hci_cmd_resp_release
                0x0800c274       0x16 ./STM32_WPAN/App/app_ble.o
                0x0800c274                hci_cmd_resp_release
 .text.hci_cmd_resp_wait
                0x0800c28a       0x16 ./STM32_WPAN/App/app_ble.o
                0x0800c28a                hci_cmd_resp_wait
 .text.BLE_UserEvtRx
                0x0800c2a0       0x38 ./STM32_WPAN/App/app_ble.o
 .text.BLE_StatusNot
                0x0800c2d8       0x3a ./STM32_WPAN/App/app_ble.o
 *fill*         0x0800c312        0x2 
 .text.APP_BLE_set_oob
                0x0800c314       0xc4 ./STM32_WPAN/App/app_ble.o
                0x0800c314                APP_BLE_set_oob
 .text.uart_rx_callback
                0x0800c3d8       0x12 ./STM32_WPAN/App/app_ble.o
 *fill*         0x0800c3ea        0x2 
 .text.ble_oob_process
                0x0800c3ec       0x14 ./STM32_WPAN/App/app_ble.o
 .text.ble_client_pairing_request
                0x0800c400       0x30 ./STM32_WPAN/App/app_ble.o
 .text.ble_oob_data_log
                0x0800c430       0x94 ./STM32_WPAN/App/app_ble.o
 .text.P2PC_APP_Init
                0x0800c4c4       0xa8 ./STM32_WPAN/App/p2p_client_app.o
                0x0800c4c4                P2PC_APP_Init
 .text.P2PC_APP_Notification
                0x0800c56c       0x6c ./STM32_WPAN/App/p2p_client_app.o
                0x0800c56c                P2PC_APP_Notification
 .text.P2PC_APP_SW1_Button_Action
                0x0800c5d8       0x10 ./STM32_WPAN/App/p2p_client_app.o
                0x0800c5d8                P2PC_APP_SW1_Button_Action
 .text.Event_Handler
                0x0800c5e8      0x594 ./STM32_WPAN/App/p2p_client_app.o
 .text.Gatt_Notification
                0x0800cb7c       0x88 ./STM32_WPAN/App/p2p_client_app.o
 .text.P2P_Client_APP_Get_State
                0x0800cc04       0x18 ./STM32_WPAN/App/p2p_client_app.o
                0x0800cc04                P2P_Client_APP_Get_State
 .text.Write_Char
                0x0800cc1c       0x74 ./STM32_WPAN/App/p2p_client_app.o
 .text.Button_Trigger_Received
                0x0800cc90       0x38 ./STM32_WPAN/App/p2p_client_app.o
 .text.Button2_Trigger_Received
                0x0800ccc8       0x38 ./STM32_WPAN/App/p2p_client_app.o
 .text.Update_Service
                0x0800cd00      0x1b0 ./STM32_WPAN/App/p2p_client_app.o
 .text.LL_PWR_EnableBootC2
                0x0800ceb0       0x20 ./STM32_WPAN/Target/hw_ipcc.o
 .text.LL_C2_EXTI_EnableEvent_32_63
                0x0800ced0       0x28 ./STM32_WPAN/Target/hw_ipcc.o
 .text.LL_EXTI_EnableRisingTrig_32_63
                0x0800cef8       0x24 ./STM32_WPAN/Target/hw_ipcc.o
 .text.LL_AHB3_GRP1_EnableClock
                0x0800cf1c       0x32 ./STM32_WPAN/Target/hw_ipcc.o
 .text.LL_C2_AHB3_GRP1_EnableClock
                0x0800cf4e       0x38 ./STM32_WPAN/Target/hw_ipcc.o
 .text.LL_C1_IPCC_EnableIT_TXF
                0x0800cf86       0x20 ./STM32_WPAN/Target/hw_ipcc.o
 .text.LL_C1_IPCC_EnableIT_RXO
                0x0800cfa6       0x20 ./STM32_WPAN/Target/hw_ipcc.o
 .text.LL_C1_IPCC_EnableTransmitChannel
                0x0800cfc6       0x26 ./STM32_WPAN/Target/hw_ipcc.o
 .text.LL_C1_IPCC_DisableTransmitChannel
                0x0800cfec       0x24 ./STM32_WPAN/Target/hw_ipcc.o
 .text.LL_C1_IPCC_EnableReceiveChannel
                0x0800d010       0x24 ./STM32_WPAN/Target/hw_ipcc.o
 .text.LL_C1_IPCC_ClearFlag_CHx
                0x0800d034       0x1c ./STM32_WPAN/Target/hw_ipcc.o
 .text.LL_C1_IPCC_SetFlag_CHx
                0x0800d050       0x1e ./STM32_WPAN/Target/hw_ipcc.o
 .text.LL_C1_IPCC_IsActiveFlag_CHx
                0x0800d06e       0x2a ./STM32_WPAN/Target/hw_ipcc.o
 .text.LL_C2_IPCC_IsActiveFlag_CHx
                0x0800d098       0x2a ./STM32_WPAN/Target/hw_ipcc.o
 *fill*         0x0800d0c2        0x2 
 .text.HW_IPCC_Rx_Handler
                0x0800d0c4       0x6c ./STM32_WPAN/Target/hw_ipcc.o
                0x0800d0c4                HW_IPCC_Rx_Handler
 .text.HW_IPCC_Tx_Handler
                0x0800d130       0x6c ./STM32_WPAN/Target/hw_ipcc.o
                0x0800d130                HW_IPCC_Tx_Handler
 .text.HW_IPCC_Enable
                0x0800d19c       0x28 ./STM32_WPAN/Target/hw_ipcc.o
                0x0800d19c                HW_IPCC_Enable
 .text.HW_IPCC_Init
                0x0800d1c4       0x2c ./STM32_WPAN/Target/hw_ipcc.o
                0x0800d1c4                HW_IPCC_Init
 .text.HW_IPCC_BLE_Init
                0x0800d1f0       0x14 ./STM32_WPAN/Target/hw_ipcc.o
                0x0800d1f0                HW_IPCC_BLE_Init
 .text.HW_IPCC_BLE_SendCmd
                0x0800d204       0x14 ./STM32_WPAN/Target/hw_ipcc.o
                0x0800d204                HW_IPCC_BLE_SendCmd
 .text.HW_IPCC_BLE_EvtHandler
                0x0800d218       0x18 ./STM32_WPAN/Target/hw_ipcc.o
 .text.HW_IPCC_BLE_AclDataEvtHandler
                0x0800d230       0x18 ./STM32_WPAN/Target/hw_ipcc.o
 .text.HW_IPCC_SYS_Init
                0x0800d248       0x14 ./STM32_WPAN/Target/hw_ipcc.o
                0x0800d248                HW_IPCC_SYS_Init
 .text.HW_IPCC_SYS_SendCmd
                0x0800d25c       0x1c ./STM32_WPAN/Target/hw_ipcc.o
                0x0800d25c                HW_IPCC_SYS_SendCmd
 .text.HW_IPCC_SYS_CmdEvtHandler
                0x0800d278       0x18 ./STM32_WPAN/Target/hw_ipcc.o
 .text.HW_IPCC_SYS_EvtHandler
                0x0800d290       0x18 ./STM32_WPAN/Target/hw_ipcc.o
 .text.HW_IPCC_MM_SendFreeBuf
                0x0800d2a8       0x44 ./STM32_WPAN/Target/hw_ipcc.o
                0x0800d2a8                HW_IPCC_MM_SendFreeBuf
 .text.HW_IPCC_MM_FreeBufHandler
                0x0800d2ec       0x28 ./STM32_WPAN/Target/hw_ipcc.o
 .text.HW_IPCC_TRACES_Init
                0x0800d314       0x14 ./STM32_WPAN/Target/hw_ipcc.o
                0x0800d314                HW_IPCC_TRACES_Init
 .text.HW_IPCC_TRACES_EvtHandler
                0x0800d328       0x18 ./STM32_WPAN/Target/hw_ipcc.o
 .text.UTIL_LPM_Init
                0x0800d340       0x24 ./Utilities/lpm/tiny_lpm/stm32_lpm.o
                0x0800d340                UTIL_LPM_Init
 .text.UTIL_LPM_SetOffMode
                0x0800d364       0x60 ./Utilities/lpm/tiny_lpm/stm32_lpm.o
                0x0800d364                UTIL_LPM_SetOffMode
 .text.UTIL_SEQ_Run
                0x0800d3c4      0x1f8 ./Utilities/sequencer/stm32_seq.o
                0x0800d3c4                UTIL_SEQ_Run
 .text.UTIL_SEQ_RegTask
                0x0800d5bc       0x44 ./Utilities/sequencer/stm32_seq.o
                0x0800d5bc                UTIL_SEQ_RegTask
 .text.UTIL_SEQ_SetTask
                0x0800d600       0x58 ./Utilities/sequencer/stm32_seq.o
                0x0800d600                UTIL_SEQ_SetTask
 .text.UTIL_SEQ_PauseTask
                0x0800d658       0x40 ./Utilities/sequencer/stm32_seq.o
                0x0800d658                UTIL_SEQ_PauseTask
 .text.UTIL_SEQ_ResumeTask
                0x0800d698       0x40 ./Utilities/sequencer/stm32_seq.o
                0x0800d698                UTIL_SEQ_ResumeTask
 .text.UTIL_SEQ_SetEvt
                0x0800d6d8       0x40 ./Utilities/sequencer/stm32_seq.o
                0x0800d6d8                UTIL_SEQ_SetEvt
 .text.UTIL_SEQ_WaitEvt
                0x0800d718       0x94 ./Utilities/sequencer/stm32_seq.o
                0x0800d718                UTIL_SEQ_WaitEvt
 .text.UTIL_SEQ_PreIdle
                0x0800d7ac        0xe ./Utilities/sequencer/stm32_seq.o
                0x0800d7ac                UTIL_SEQ_PreIdle
 .text.UTIL_SEQ_PostIdle
                0x0800d7ba        0xe ./Utilities/sequencer/stm32_seq.o
                0x0800d7ba                UTIL_SEQ_PostIdle
 .text.SEQ_BitPosition
                0x0800d7c8       0x70 ./Utilities/sequencer/stm32_seq.o
                0x0800d7c8                SEQ_BitPosition
 .text.sprintf  0x0800d838       0x40 /Applications/STM32CubeIDE.app/Contents/Eclipse/plugins/com.st.stm32cube.ide.mcu.externaltools.gnu-tools-for-stm32.12.3.rel1.macos64_1.1.0.202410301201/tools/bin/../lib/gcc/arm-none-eabi/12.3.1/../../../../arm-none-eabi/lib/thumb/v7e-m+fp/hard/libc_nano.a(libc_a-sprintf.o)
                0x0800d838                sprintf
                0x0800d838                siprintf
 .text.std      0x0800d878       0x6c /Applications/STM32CubeIDE.app/Contents/Eclipse/plugins/com.st.stm32cube.ide.mcu.externaltools.gnu-tools-for-stm32.12.3.rel1.macos64_1.1.0.202410301201/tools/bin/../lib/gcc/arm-none-eabi/12.3.1/../../../../arm-none-eabi/lib/thumb/v7e-m+fp/hard/libc_nano.a(libc_a-findfp.o)
 .text.stdio_exit_handler
                0x0800d8e4       0x18 /Applications/STM32CubeIDE.app/Contents/Eclipse/plugins/com.st.stm32cube.ide.mcu.externaltools.gnu-tools-for-stm32.12.3.rel1.macos64_1.1.0.202410301201/tools/bin/../lib/gcc/arm-none-eabi/12.3.1/../../../../arm-none-eabi/lib/thumb/v7e-m+fp/hard/libc_nano.a(libc_a-findfp.o)
 .text.cleanup_stdio
                0x0800d8fc       0x40 /Applications/STM32CubeIDE.app/Contents/Eclipse/plugins/com.st.stm32cube.ide.mcu.externaltools.gnu-tools-for-stm32.12.3.rel1.macos64_1.1.0.202410301201/tools/bin/../lib/gcc/arm-none-eabi/12.3.1/../../../../arm-none-eabi/lib/thumb/v7e-m+fp/hard/libc_nano.a(libc_a-findfp.o)
 .text.global_stdio_init.part.0
                0x0800d93c       0x3c /Applications/STM32CubeIDE.app/Contents/Eclipse/plugins/com.st.stm32cube.ide.mcu.externaltools.gnu-tools-for-stm32.12.3.rel1.macos64_1.1.0.202410301201/tools/bin/../lib/gcc/arm-none-eabi/12.3.1/../../../../arm-none-eabi/lib/thumb/v7e-m+fp/hard/libc_nano.a(libc_a-findfp.o)
 .text.__sfp_lock_acquire
                0x0800d978        0xc /Applications/STM32CubeIDE.app/Contents/Eclipse/plugins/com.st.stm32cube.ide.mcu.externaltools.gnu-tools-for-stm32.12.3.rel1.macos64_1.1.0.202410301201/tools/bin/../lib/gcc/arm-none-eabi/12.3.1/../../../../arm-none-eabi/lib/thumb/v7e-m+fp/hard/libc_nano.a(libc_a-findfp.o)
                0x0800d978                __sfp_lock_acquire
 .text.__sfp_lock_release
                0x0800d984        0xc /Applications/STM32CubeIDE.app/Contents/Eclipse/plugins/com.st.stm32cube.ide.mcu.externaltools.gnu-tools-for-stm32.12.3.rel1.macos64_1.1.0.202410301201/tools/bin/../lib/gcc/arm-none-eabi/12.3.1/../../../../arm-none-eabi/lib/thumb/v7e-m+fp/hard/libc_nano.a(libc_a-findfp.o)
                0x0800d984                __sfp_lock_release
 .text.__sinit  0x0800d990       0x30 /Applications/STM32CubeIDE.app/Contents/Eclipse/plugins/com.st.stm32cube.ide.mcu.externaltools.gnu-tools-for-stm32.12.3.rel1.macos64_1.1.0.202410301201/tools/bin/../lib/gcc/arm-none-eabi/12.3.1/../../../../arm-none-eabi/lib/thumb/v7e-m+fp/hard/libc_nano.a(libc_a-findfp.o)
                0x0800d990                __sinit
 .text._fwalk_sglue
                0x0800d9c0       0x3c /Applications/STM32CubeIDE.app/Contents/Eclipse/plugins/com.st.stm32cube.ide.mcu.externaltools.gnu-tools-for-stm32.12.3.rel1.macos64_1.1.0.202410301201/tools/bin/../lib/gcc/arm-none-eabi/12.3.1/../../../../arm-none-eabi/lib/thumb/v7e-m+fp/hard/libc_nano.a(libc_a-fwalk.o)
                0x0800d9c0                _fwalk_sglue
 .text.printf   0x0800d9fc       0x24 /Applications/STM32CubeIDE.app/Contents/Eclipse/plugins/com.st.stm32cube.ide.mcu.externaltools.gnu-tools-for-stm32.12.3.rel1.macos64_1.1.0.202410301201/tools/bin/../lib/gcc/arm-none-eabi/12.3.1/../../../../arm-none-eabi/lib/thumb/v7e-m+fp/hard/libc_nano.a(libc_a-printf.o)
                0x0800d9fc                printf
                0x0800d9fc                iprintf
 .text.putchar  0x0800da20       0x10 /Applications/STM32CubeIDE.app/Contents/Eclipse/plugins/com.st.stm32cube.ide.mcu.externaltools.gnu-tools-for-stm32.12.3.rel1.macos64_1.1.0.202410301201/tools/bin/../lib/gcc/arm-none-eabi/12.3.1/../../../../arm-none-eabi/lib/thumb/v7e-m+fp/hard/libc_nano.a(libc_a-putchar.o)
                0x0800da20                putchar
 .text._puts_r  0x0800da30       0xaa /Applications/STM32CubeIDE.app/Contents/Eclipse/plugins/com.st.stm32cube.ide.mcu.externaltools.gnu-tools-for-stm32.12.3.rel1.macos64_1.1.0.202410301201/tools/bin/../lib/gcc/arm-none-eabi/12.3.1/../../../../arm-none-eabi/lib/thumb/v7e-m+fp/hard/libc_nano.a(libc_a-puts.o)
                0x0800da30                _puts_r
 *fill*         0x0800dada        0x2 
 .text.puts     0x0800dadc       0x10 /Applications/STM32CubeIDE.app/Contents/Eclipse/plugins/com.st.stm32cube.ide.mcu.externaltools.gnu-tools-for-stm32.12.3.rel1.macos64_1.1.0.202410301201/tools/bin/../lib/gcc/arm-none-eabi/12.3.1/../../../../arm-none-eabi/lib/thumb/v7e-m+fp/hard/libc_nano.a(libc_a-puts.o)
                0x0800dadc                puts
 .text.memset   0x0800daec       0x10 /Applications/STM32CubeIDE.app/Contents/Eclipse/plugins/com.st.stm32cube.ide.mcu.externaltools.gnu-tools-for-stm32.12.3.rel1.macos64_1.1.0.202410301201/tools/bin/../lib/gcc/arm-none-eabi/12.3.1/../../../../arm-none-eabi/lib/thumb/v7e-m+fp/hard/libc_nano.a(libc_a-memset.o)
                0x0800daec                memset
 .text.__errno  0x0800dafc        0xc /Applications/STM32CubeIDE.app/Contents/Eclipse/plugins/com.st.stm32cube.ide.mcu.externaltools.gnu-tools-for-stm32.12.3.rel1.macos64_1.1.0.202410301201/tools/bin/../lib/gcc/arm-none-eabi/12.3.1/../../../../arm-none-eabi/lib/thumb/v7e-m+fp/hard/libc_nano.a(libc_a-errno.o)
                0x0800dafc                __errno
 .text.__libc_init_array
                0x0800db08       0x48 /Applications/STM32CubeIDE.app/Contents/Eclipse/plugins/com.st.stm32cube.ide.mcu.externaltools.gnu-tools-for-stm32.12.3.rel1.macos64_1.1.0.202410301201/tools/bin/../lib/gcc/arm-none-eabi/12.3.1/../../../../arm-none-eabi/lib/thumb/v7e-m+fp/hard/libc_nano.a(libc_a-init.o)
                0x0800db08                __libc_init_array
 .text.__retarget_lock_init_recursive
                0x0800db50        0x2 /Applications/STM32CubeIDE.app/Contents/Eclipse/plugins/com.st.stm32cube.ide.mcu.externaltools.gnu-tools-for-stm32.12.3.rel1.macos64_1.1.0.202410301201/tools/bin/../lib/gcc/arm-none-eabi/12.3.1/../../../../arm-none-eabi/lib/thumb/v7e-m+fp/hard/libc_nano.a(libc_a-lock.o)
                0x0800db50                __retarget_lock_init_recursive
 .text.__retarget_lock_acquire_recursive
                0x0800db52        0x2 /Applications/STM32CubeIDE.app/Contents/Eclipse/plugins/com.st.stm32cube.ide.mcu.externaltools.gnu-tools-for-stm32.12.3.rel1.macos64_1.1.0.202410301201/tools/bin/../lib/gcc/arm-none-eabi/12.3.1/../../../../arm-none-eabi/lib/thumb/v7e-m+fp/hard/libc_nano.a(libc_a-lock.o)
                0x0800db52                __retarget_lock_acquire_recursive
 .text.__retarget_lock_release_recursive
                0x0800db54        0x2 /Applications/STM32CubeIDE.app/Contents/Eclipse/plugins/com.st.stm32cube.ide.mcu.externaltools.gnu-tools-for-stm32.12.3.rel1.macos64_1.1.0.202410301201/tools/bin/../lib/gcc/arm-none-eabi/12.3.1/../../../../arm-none-eabi/lib/thumb/v7e-m+fp/hard/libc_nano.a(libc_a-lock.o)
                0x0800db54                __retarget_lock_release_recursive
 .text.memcpy   0x0800db56       0x1c /Applications/STM32CubeIDE.app/Contents/Eclipse/plugins/com.st.stm32cube.ide.mcu.externaltools.gnu-tools-for-stm32.12.3.rel1.macos64_1.1.0.202410301201/tools/bin/../lib/gcc/arm-none-eabi/12.3.1/../../../../arm-none-eabi/lib/thumb/v7e-m+fp/hard/libc_nano.a(libc_a-memcpy-stub.o)
                0x0800db56                memcpy
 .text.__ssputs_r
                0x0800db72       0xb6 /Applications/STM32CubeIDE.app/Contents/Eclipse/plugins/com.st.stm32cube.ide.mcu.externaltools.gnu-tools-for-stm32.12.3.rel1.macos64_1.1.0.202410301201/tools/bin/../lib/gcc/arm-none-eabi/12.3.1/../../../../arm-none-eabi/lib/thumb/v7e-m+fp/hard/libc_nano.a(libc_a-nano-svfprintf.o)
                0x0800db72                __ssputs_r
 .text._svfprintf_r
                0x0800dc28      0x1f8 /Applications/STM32CubeIDE.app/Contents/Eclipse/plugins/com.st.stm32cube.ide.mcu.externaltools.gnu-tools-for-stm32.12.3.rel1.macos64_1.1.0.202410301201/tools/bin/../lib/gcc/arm-none-eabi/12.3.1/../../../../arm-none-eabi/lib/thumb/v7e-m+fp/hard/libc_nano.a(libc_a-nano-svfprintf.o)
                0x0800dc28                _svfprintf_r
                0x0800dc28                _svfiprintf_r
 .text.__sfputc_r
                0x0800de20       0x2e /Applications/STM32CubeIDE.app/Contents/Eclipse/plugins/com.st.stm32cube.ide.mcu.externaltools.gnu-tools-for-stm32.12.3.rel1.macos64_1.1.0.202410301201/tools/bin/../lib/gcc/arm-none-eabi/12.3.1/../../../../arm-none-eabi/lib/thumb/v7e-m+fp/hard/libc_nano.a(libc_a-nano-vfprintf.o)
 .text.__sfputs_r
                0x0800de4e       0x24 /Applications/STM32CubeIDE.app/Contents/Eclipse/plugins/com.st.stm32cube.ide.mcu.externaltools.gnu-tools-for-stm32.12.3.rel1.macos64_1.1.0.202410301201/tools/bin/../lib/gcc/arm-none-eabi/12.3.1/../../../../arm-none-eabi/lib/thumb/v7e-m+fp/hard/libc_nano.a(libc_a-nano-vfprintf.o)
                0x0800de4e                __sfputs_r
 *fill*         0x0800de72        0x2 
 .text._vfprintf_r
                0x0800de74      0x230 /Applications/STM32CubeIDE.app/Contents/Eclipse/plugins/com.st.stm32cube.ide.mcu.externaltools.gnu-tools-for-stm32.12.3.rel1.macos64_1.1.0.202410301201/tools/bin/../lib/gcc/arm-none-eabi/12.3.1/../../../../arm-none-eabi/lib/thumb/v7e-m+fp/hard/libc_nano.a(libc_a-nano-vfprintf.o)
                0x0800de74                _vfiprintf_r
                0x0800de74                _vfprintf_r
 .text.sbrk_aligned
                0x0800e0a4       0x44 /Applications/STM32CubeIDE.app/Contents/Eclipse/plugins/com.st.stm32cube.ide.mcu.externaltools.gnu-tools-for-stm32.12.3.rel1.macos64_1.1.0.202410301201/tools/bin/../lib/gcc/arm-none-eabi/12.3.1/../../../../arm-none-eabi/lib/thumb/v7e-m+fp/hard/libc_nano.a(libc_a-mallocr.o)
 .text._malloc_r
                0x0800e0e8      0x100 /Applications/STM32CubeIDE.app/Contents/Eclipse/plugins/com.st.stm32cube.ide.mcu.externaltools.gnu-tools-for-stm32.12.3.rel1.macos64_1.1.0.202410301201/tools/bin/../lib/gcc/arm-none-eabi/12.3.1/../../../../arm-none-eabi/lib/thumb/v7e-m+fp/hard/libc_nano.a(libc_a-mallocr.o)
                0x0800e0e8                _malloc_r
 .text._printf_common
                0x0800e1e8       0xda /Applications/STM32CubeIDE.app/Contents/Eclipse/plugins/com.st.stm32cube.ide.mcu.externaltools.gnu-tools-for-stm32.12.3.rel1.macos64_1.1.0.202410301201/tools/bin/../lib/gcc/arm-none-eabi/12.3.1/../../../../arm-none-eabi/lib/thumb/v7e-m+fp/hard/libc_nano.a(libc_a-nano-vfprintf_i.o)
                0x0800e1e8                _printf_common
 *fill*         0x0800e2c2        0x2 
 .text._printf_i
                0x0800e2c4      0x240 /Applications/STM32CubeIDE.app/Contents/Eclipse/plugins/com.st.stm32cube.ide.mcu.externaltools.gnu-tools-for-stm32.12.3.rel1.macos64_1.1.0.202410301201/tools/bin/../lib/gcc/arm-none-eabi/12.3.1/../../../../arm-none-eabi/lib/thumb/v7e-m+fp/hard/libc_nano.a(libc_a-nano-vfprintf_i.o)
                0x0800e2c4                _printf_i
 .text.__sflush_r
                0x0800e504      0x108 /Applications/STM32CubeIDE.app/Contents/Eclipse/plugins/com.st.stm32cube.ide.mcu.externaltools.gnu-tools-for-stm32.12.3.rel1.macos64_1.1.0.202410301201/tools/bin/../lib/gcc/arm-none-eabi/12.3.1/../../../../arm-none-eabi/lib/thumb/v7e-m+fp/hard/libc_nano.a(libc_a-fflush.o)